Archive member included to satisfy reference by file (symbol)

c:/intelfpga/18.1/nios2eds/bin/gnu/h-x86_64-mingw32/bin/../lib/gcc/nios2-elf/5.3.0/../../../../../H-x86_64-mingw32/nios2-elf/lib/mno-hw-mul\libc.a(lib_a-fopen.o)
                              obj/default/audio_demo.o (fopen)
c:/intelfpga/18.1/nios2eds/bin/gnu/h-x86_64-mingw32/bin/../lib/gcc/nios2-elf/5.3.0/../../../../../H-x86_64-mingw32/nios2-elf/lib/mno-hw-mul\libc.a(lib_a-fread.o)
                              obj/default/audio_demo.o (fread)
c:/intelfpga/18.1/nios2eds/bin/gnu/h-x86_64-mingw32/bin/../lib/gcc/nios2-elf/5.3.0/../../../../../H-x86_64-mingw32/nios2-elf/lib/mno-hw-mul\libc.a(lib_a-freer.o)
                              c:/intelfpga/18.1/nios2eds/bin/gnu/h-x86_64-mingw32/bin/../lib/gcc/nios2-elf/5.3.0/../../../../../H-x86_64-mingw32/nios2-elf/lib/mno-hw-mul\libc.a(lib_a-fread.o) (_free_r)
c:/intelfpga/18.1/nios2eds/bin/gnu/h-x86_64-mingw32/bin/../lib/gcc/nios2-elf/5.3.0/../../../../../H-x86_64-mingw32/nios2-elf/lib/mno-hw-mul\libc.a(lib_a-fseek.o)
                              c:/intelfpga/18.1/nios2eds/bin/gnu/h-x86_64-mingw32/bin/../lib/gcc/nios2-elf/5.3.0/../../../../../H-x86_64-mingw32/nios2-elf/lib/mno-hw-mul\libc.a(lib_a-fopen.o) (_fseek_r)
c:/intelfpga/18.1/nios2eds/bin/gnu/h-x86_64-mingw32/bin/../lib/gcc/nios2-elf/5.3.0/../../../../../H-x86_64-mingw32/nios2-elf/lib/mno-hw-mul\libc.a(lib_a-fseeko.o)
                              c:/intelfpga/18.1/nios2eds/bin/gnu/h-x86_64-mingw32/bin/../lib/gcc/nios2-elf/5.3.0/../../../../../H-x86_64-mingw32/nios2-elf/lib/mno-hw-mul\libc.a(lib_a-fseek.o) (_fseeko_r)
c:/intelfpga/18.1/nios2eds/bin/gnu/h-x86_64-mingw32/bin/../lib/gcc/nios2-elf/5.3.0/../../../../../H-x86_64-mingw32/nios2-elf/lib/mno-hw-mul\libc.a(lib_a-fstatr.o)
                              c:/intelfpga/18.1/nios2eds/bin/gnu/h-x86_64-mingw32/bin/../lib/gcc/nios2-elf/5.3.0/../../../../../H-x86_64-mingw32/nios2-elf/lib/mno-hw-mul\libc.a(lib_a-fseeko.o) (_fstat_r)
c:/intelfpga/18.1/nios2eds/bin/gnu/h-x86_64-mingw32/bin/../lib/gcc/nios2-elf/5.3.0/../../../../../H-x86_64-mingw32/nios2-elf/lib/mno-hw-mul\libc.a(lib_a-impure.o)
                              c:/intelfpga/18.1/nios2eds/bin/gnu/h-x86_64-mingw32/bin/../lib/gcc/nios2-elf/5.3.0/../../../../../H-x86_64-mingw32/nios2-elf/lib/mno-hw-mul\libc.a(lib_a-fopen.o) (_impure_ptr)
c:/intelfpga/18.1/nios2eds/bin/gnu/h-x86_64-mingw32/bin/../lib/gcc/nios2-elf/5.3.0/../../../../../H-x86_64-mingw32/nios2-elf/lib/mno-hw-mul\libc.a(lib_a-int_errno.o)
                              c:/intelfpga/18.1/nios2eds/bin/gnu/h-x86_64-mingw32/bin/../lib/gcc/nios2-elf/5.3.0/../../../../../H-x86_64-mingw32/nios2-elf/lib/mno-hw-mul\libc.a(lib_a-fstatr.o) (errno)
c:/intelfpga/18.1/nios2eds/bin/gnu/h-x86_64-mingw32/bin/../lib/gcc/nios2-elf/5.3.0/../../../../../H-x86_64-mingw32/nios2-elf/lib/mno-hw-mul\libc.a(lib_a-makebuf.o)
                              c:/intelfpga/18.1/nios2eds/bin/gnu/h-x86_64-mingw32/bin/../lib/gcc/nios2-elf/5.3.0/../../../../../H-x86_64-mingw32/nios2-elf/lib/mno-hw-mul\libc.a(lib_a-fseeko.o) (__smakebuf_r)
c:/intelfpga/18.1/nios2eds/bin/gnu/h-x86_64-mingw32/bin/../lib/gcc/nios2-elf/5.3.0/../../../../../H-x86_64-mingw32/nios2-elf/lib/mno-hw-mul\libc.a(lib_a-mallocr.o)
                              c:/intelfpga/18.1/nios2eds/bin/gnu/h-x86_64-mingw32/bin/../lib/gcc/nios2-elf/5.3.0/../../../../../H-x86_64-mingw32/nios2-elf/lib/mno-hw-mul\libc.a(lib_a-makebuf.o) (_malloc_r)
c:/intelfpga/18.1/nios2eds/bin/gnu/h-x86_64-mingw32/bin/../lib/gcc/nios2-elf/5.3.0/../../../../../H-x86_64-mingw32/nios2-elf/lib/mno-hw-mul\libc.a(lib_a-memcpy.o)
                              c:/intelfpga/18.1/nios2eds/bin/gnu/h-x86_64-mingw32/bin/../lib/gcc/nios2-elf/5.3.0/../../../../../H-x86_64-mingw32/nios2-elf/lib/mno-hw-mul\libc.a(lib_a-fread.o) (memcpy)
c:/intelfpga/18.1/nios2eds/bin/gnu/h-x86_64-mingw32/bin/../lib/gcc/nios2-elf/5.3.0/../../../../../H-x86_64-mingw32/nios2-elf/lib/mno-hw-mul\libc.a(lib_a-memset.o)
                              c:/intelfpga/18.1/nios2eds/bin/gnu/h-x86_64-mingw32/bin/../lib/gcc/nios2-elf/5.3.0/../../../../../H-x86_64-mingw32/nios2-elf/lib/mno-hw-mul\libc.a(lib_a-fseeko.o) (memset)
c:/intelfpga/18.1/nios2eds/bin/gnu/h-x86_64-mingw32/bin/../lib/gcc/nios2-elf/5.3.0/../../../../../H-x86_64-mingw32/nios2-elf/lib/mno-hw-mul\libc.a(lib_a-openr.o)
                              c:/intelfpga/18.1/nios2eds/bin/gnu/h-x86_64-mingw32/bin/../lib/gcc/nios2-elf/5.3.0/../../../../../H-x86_64-mingw32/nios2-elf/lib/mno-hw-mul\libc.a(lib_a-fopen.o) (_open_r)
c:/intelfpga/18.1/nios2eds/bin/gnu/h-x86_64-mingw32/bin/../lib/gcc/nios2-elf/5.3.0/../../../../../H-x86_64-mingw32/nios2-elf/lib/mno-hw-mul\libc.a(lib_a-puts.o)
                              obj/default/audio_demo.o (puts)
c:/intelfpga/18.1/nios2eds/bin/gnu/h-x86_64-mingw32/bin/../lib/gcc/nios2-elf/5.3.0/../../../../../H-x86_64-mingw32/nios2-elf/lib/mno-hw-mul\libc.a(lib_a-refill.o)
[...]
Memory Configuration

Name             Origin             Length             Attributes
new_sdram_controller_0 0x0000000000000000 0x0000000004000000
reset            0x0000000004010000 0x0000000000000020
onchip_memory2_1 0x0000000004010020 0x000000000000ffe0
*default*        0x0000000000000000 0xffffffffffffffff

Linker script and memory map

LOAD ../New_Audio_Filter_bsp//obj/HAL/src/crt0.o
LOAD obj/default/audio_demo.o
LOAD c:/intelfpga/18.1/nios2eds/bin/gnu/h-x86_64-mingw32/bin/../lib/gcc/nios2-elf/5.3.0/../../../../../H-x86_64-mingw32/nios2-elf/lib/mno-hw-mul\libstdc++.a
LOAD c:/intelfpga/18.1/nios2eds/bin/gnu/h-x86_64-mingw32/bin/../lib/gcc/nios2-elf/5.3.0/../../../../../H-x86_64-mingw32/nios2-elf/lib/mno-hw-mul\libm.a
LOAD c:/intelfpga/18.1/nios2eds/bin/gnu/h-x86_64-mingw32/bin/../lib/gcc/nios2-elf/5.3.0/mno-hw-mul\libgcc.a
START GROUP
LOAD c:/intelfpga/18.1/nios2eds/bin/gnu/h-x86_64-mingw32/bin/../lib/gcc/nios2-elf/5.3.0/../../../../../H-x86_64-mingw32/nios2-elf/lib/mno-hw-mul\libc.a
LOAD c:/intelfpga/18.1/nios2eds/bin/gnu/h-x86_64-mingw32/bin/../lib/gcc/nios2-elf/5.3.0/mno-hw-mul\libgcc.a
LOAD ../New_Audio_Filter_bsp/\libhal_bsp.a
LOAD c:/intelfpga/18.1/nios2eds/bin/gnu/h-x86_64-mingw32/bin/../lib/gcc/nios2-elf/5.3.0/../../../../../H-x86_64-mingw32/nios2-elf/lib/mno-hw-mul\libm.a
END GROUP
LOAD c:/intelfpga/18.1/nios2eds/bin/gnu/h-x86_64-mingw32/bin/../lib/gcc/nios2-elf/5.3.0/mno-hw-mul\libgcc.a
                0x0000000000000000                __alt_mem_new_sdram_controller_0 = 0x0
                0x0000000004010000                __alt_mem_onchip_memory2_1 = 0x4010000

.entry          0x0000000004010000       0x20
 *(.entry)
 .entry         0x0000000004010000       0x20 ../New_Audio_Filter_bsp//obj/HAL/src/crt0.o
                0x0000000004010000                __reset

.exceptions     0x0000000004010020      0x210
                0x0000000004010020                PROVIDE (__ram_exceptions_start, ABSOLUTE (.))
                0x0000000004010020                . = ALIGN (0x20)
 *(.irq)
 *(.exceptions.entry.label)
 .exceptions.entry.label
                0x0000000004010020        0x0 ../New_Audio_Filter_bsp/\libhal_bsp.a(alt_irq_entry.o)
                0x0000000004010020                alt_irq_entry
 .exceptions.entry.label
                0x0000000004010020        0x0 ../New_Audio_Filter_bsp/\libhal_bsp.a(alt_exception_entry.o)
                0x0000000004010020                alt_exception
 *(.exceptions.entry.user)
 *(.exceptions.entry.ecc_fatal)
 *(.exceptions.entry)
 .exceptions.entry
                0x0000000004010020       0x54 ../New_Audio_Filter_bsp/\libhal_bsp.a(alt_exception_entry.o)
 *(.exceptions.irqtest.user)
 *(.exceptions.irqtest)
 .exceptions.irqtest
                0x0000000004010074       0x10 ../New_Audio_Filter_bsp/\libhal_bsp.a(alt_irq_entry.o)
 *(.exceptions.irqhandler.user)
 *(.exceptions.irqhandler)
 .exceptions.irqhandler
                0x0000000004010084        0x4 ../New_Audio_Filter_bsp/\libhal_bsp.a(alt_irq_entry.o)
 *(.exceptions.irqreturn.user)
 *(.exceptions.irqreturn)
 .exceptions.irqreturn
                0x0000000004010088        0x4 ../New_Audio_Filter_bsp/\libhal_bsp.a(alt_irq_entry.o)
 *(.exceptions.notirq.label)
 .exceptions.notirq.label
                0x000000000401008c        0x0 ../New_Audio_Filter_bsp/\libhal_bsp.a(alt_irq_entry.o)
 *(.exceptions.notirq.user)
 *(.exceptions.notirq)
 .exceptions.notirq
                0x000000000401008c        0x8 ../New_Audio_Filter_bsp/\libhal_bsp.a(alt_exception_entry.o)
 *(.exceptions.soft.user)
 *(.exceptions.soft)
 *(.exceptions.unknown.user)
 *(.exceptions.unknown)
 .exceptions.unknown
                0x0000000004010094       0x14 ../New_Audio_Filter_bsp/\libhal_bsp.a(alt_exception_entry.o)
 *(.exceptions.exit.label)
 .exceptions.exit.label
                0x00000000040100a8        0x0 ../New_Audio_Filter_bsp/\libhal_bsp.a(alt_irq_entry.o)
 .exceptions.exit.label
                0x00000000040100a8        0x0 ../New_Audio_Filter_bsp/\libhal_bsp.a(alt_exception_entry.o)
 *(.exceptions.exit.user)
 *(.exceptions.exit)
 .exceptions.exit
                0x00000000040100a8       0x54 ../New_Audio_Filter_bsp/\libhal_bsp.a(alt_exception_entry.o)
 *(.exceptions)
 .exceptions    0x00000000040100fc       0xd4 ../New_Audio_Filter_bsp/\libhal_bsp.a(alt_irq_handler.o)
                0x00000000040100fc                alt_irq_handler
 .exceptions    0x00000000040101d0       0x60 ../New_Audio_Filter_bsp/\libhal_bsp.a(alt_instruction_exception_entry.o)
                0x00000000040101d0                alt_instruction_exception_entry
                0x0000000004010230                PROVIDE (__ram_exceptions_end, ABSOLUTE (.))
                0x0000000004010020                PROVIDE (__flash_exceptions_start, LOADADDR (.exceptions))

.text           0x0000000004010230     0x6a34
                [!provide]                        PROVIDE (stext, ABSOLUTE (.))
 *(.interp)
 *(.hash)
 *(.dynsym)
 *(.dynstr)
 *(.gnu.version)
 *(.gnu.version_d)
 *(.gnu.version_r)
 *(.rel.init)
 *(.rela.init)
 *(.rel.text .rel.text.* .rel.gnu.linkonce.t.*)
 *(.rela.text .rela.text.* .rela.gnu.linkonce.t.*)
 *(.rel.fini)
 *(.rela.fini)
 *(.rel.rodata .rel.rodata.* .rel.gnu.linkonce.r.*)
 *(.rela.rodata .rela.rodata.* .rela.gnu.linkonce.r.*)
 *(.rel.data .rel.data.* .rel.gnu.linkonce.d.*)
 *(.rela.data .rela.data.* .rela.gnu.linkonce.d.*)
 *(.rel.tdata .rel.tdata.* .rel.gnu.linkonce.td.*)
 *(.rela.tdata .rela.tdata.* .rela.gnu.linkonce.td.*)
 *(.rel.tbss .rel.tbss.* .rel.gnu.linkonce.tb.*)
 *(.rela.tbss .rela.tbss.* .rela.gnu.linkonce.tb.*)
 *(.rel.ctors)
 *(.rela.ctors)
 *(.rel.dtors)
 *(.rela.dtors)
 *(.rel.got)
 *(.rela.got)
 *(.rel.sdata .rel.sdata.* .rel.gnu.linkonce.s.*)
 *(.rela.sdata .rela.sdata.* .rela.gnu.linkonce.s.*)
 *(.rel.sbss .rel.sbss.* .rel.gnu.linkonce.sb.*)
 *(.rela.sbss .rela.sbss.* .rela.gnu.linkonce.sb.*)
 *(.rel.sdata2 .rel.sdata2.* .rel.gnu.linkonce.s2.*)
 *(.rela.sdata2 .rela.sdata2.* .rela.gnu.linkonce.s2.*)
 *(.rel.sbss2 .rel.sbss2.* .rel.gnu.linkonce.sb2.*)
 *(.rela.sbss2 .rela.sbss2.* .rela.gnu.linkonce.sb2.*)
 *(.rel.bss .rel.bss.* .rel.gnu.linkonce.b.*)
 *(.rela.bss .rela.bss.* .rela.gnu.linkonce.b.*)
 *(.rel.plt)
 *(.rela.plt)
 *(.rel.dyn)
 *(.init)
 *(.plt)
 *(.text .stub .text.* .gnu.linkonce.t.*)
 .text          0x0000000004010230       0x3c ../New_Audio_Filter_bsp//obj/HAL/src/crt0.o
                0x0000000004010230                _start
 .text          0x000000000401026c      0x428 obj/default/audio_demo.o
                0x000000000401026c                timer_isr
                0x0000000004010398                read_file
                0x0000000004010598                switches_isr
                0x0000000004010624                main
 .text          0x0000000004010694        0x0 c:/intelfpga/18.1/nios2eds/bin/gnu/h-x86_64-mingw32/bin/../lib/gcc/nios2-elf/5.3.0/../../../../../H-x86_64-mingw32/nios2-elf/lib/mno-hw-mul\libc.a(lib_a-fopen.o)
 .text._fopen_r
                0x0000000004010694       0xf4 c:/intelfpga/18.1/nios2eds/bin/gnu/h-x86_64-mingw32/bin/../lib/gcc/nios2-elf/5.3.0/../../../../../H-x86_64-mingw32/nios2-elf/lib/mno-hw-mul\libc.a(lib_a-fopen.o)
                0x0000000004010694                _fopen_r
 .text.fopen    0x0000000004010788       0x18 c:/intelfpga/18.1/nios2eds/bin/gnu/h-x86_64-mingw32/bin/../lib/gcc/nios2-elf/5.3.0/../../../../../H-x86_64-mingw32/nios2-elf/lib/mno-hw-mul\libc.a(lib_a-fopen.o)
                0x0000000004010788                fopen
 .text          0x00000000040107a0        0x0 c:/intelfpga/18.1/nios2eds/bin/gnu/h-x86_64-mingw32/bin/../lib/gcc/nios2-elf/5.3.0/../../../../../H-x86_64-mingw32/nios2-elf/lib/mno-hw-mul\libc.a(lib_a-fread.o)
 .text._fread_r
                0x00000000040107a0      0x23c c:/intelfpga/18.1/nios2eds/bin/gnu/h-x86_64-mingw32/bin/../lib/gcc/nios2-elf/5.3.0/../../../../../H-x86_64-mingw32/nios2-elf/lib/mno-hw-mul\libc.a(lib_a-fread.o)
                0x00000000040107a0                _fread_r
 .text.fread    0x00000000040109dc       0x34 c:/intelfpga/18.1/nios2eds/bin/gnu/h-x86_64-mingw32/bin/../lib/gcc/nios2-elf/5.3.0/../../../../../H-x86_64-mingw32/nios2-elf/lib/mno-hw-mul\libc.a(lib_a-fread.o)
                0x00000000040109dc                fread
 .text          0x0000000004010a10        0x0 c:/intelfpga/18.1/nios2eds/bin/gnu/h-x86_64-mingw32/bin/../lib/gcc/nios2-elf/5.3.0/../../../../../H-x86_64-mingw32/nios2-elf/lib/mno-hw-mul\libc.a(lib_a-freer.o)
 .text._malloc_trim_r
                0x0000000004010a10      0x124 c:/intelfpga/18.1/nios2eds/bin/gnu/h-x86_64-mingw32/bin/../lib/gcc/nios2-elf/5.3.0/../../../../../H-x86_64-mingw32/nios2-elf/lib/mno-hw-mul\libc.a(lib_a-freer.o)
                0x0000000004010a10                _malloc_trim_r
 .text._free_r  0x0000000004010b34      0x310 c:/intelfpga/18.1/nios2eds/bin/gnu/h-x86_64-mingw32/bin/../lib/gcc/nios2-elf/5.3.0/../../../../../H-x86_64-mingw32/nios2-elf/lib/mno-hw-mul\libc.a(lib_a-freer.o)
                0x0000000004010b34                _free_r
 .text          0x0000000004010e44        0x0 c:/intelfpga/18.1/nios2eds/bin/gnu/h-x86_64-mingw32/bin/../lib/gcc/nios2-elf/5.3.0/../../../../../H-x86_64-mingw32/nios2-elf/lib/mno-hw-mul\libc.a(lib_a-fseek.o)
 .text._fseek_r
                0x0000000004010e44        0x4 c:/intelfpga/18.1/nios2eds/bin/gnu/h-x86_64-mingw32/bin/../lib/gcc/nios2-elf/5.3.0/../../../../../H-x86_64-mingw32/nios2-elf/lib/mno-hw-mul\libc.a(lib_a-fseek.o)
                0x0000000004010e44                _fseek_r
 .text.fseek    0x0000000004010e48       0x1c c:/intelfpga/18.1/nios2eds/bin/gnu/h-x86_64-mingw32/bin/../lib/gcc/nios2-elf/5.3.0/../../../../../H-x86_64-mingw32/nios2-elf/lib/mno-hw-mul\libc.a(lib_a-fseek.o)
                0x0000000004010e48                fseek
 .text          0x0000000004010e64        0x0 c:/intelfpga/18.1/nios2eds/bin/gnu/h-x86_64-mingw32/bin/../lib/gcc/nios2-elf/5.3.0/../../../../../H-x86_64-mingw32/nios2-elf/lib/mno-hw-mul\libc.a(lib_a-fseeko.o)
 .text._fseeko_r
                0x0000000004010e64      0x444 c:/intelfpga/18.1/nios2eds/bin/gnu/h-x86_64-mingw32/bin/../lib/gcc/nios2-elf/5.3.0/../../../../../H-x86_64-mingw32/nios2-elf/lib/mno-hw-mul\libc.a(lib_a-fseeko.o)
                0x0000000004010e64                _fseeko_r
 .text.fseeko   0x00000000040112a8       0x1c c:/intelfpga/18.1/nios2eds/bin/gnu/h-x86_64-mingw32/bin/../lib/gcc/nios2-elf/5.3.0/../../../../../H-x86_64-mingw32/nios2-elf/lib/mno-hw-mul\libc.a(lib_a-fseeko.o)
                0x00000000040112a8                fseeko
 .text          0x00000000040112c4        0x0 c:/intelfpga/18.1/nios2eds/bin/gnu/h-x86_64-mingw32/bin/../lib/gcc/nios2-elf/5.3.0/../../../../../H-x86_64-mingw32/nios2-elf/lib/mno-hw-mul\libc.a(lib_a-fstatr.o)
 .text._fstat_r
                0x00000000040112c4       0x5c c:/intelfpga/18.1/nios2eds/bin/gnu/h-x86_64-mingw32/bin/../lib/gcc/nios2-elf/5.3.0/../../../../../H-x86_64-mingw32/nios2-elf/lib/mno-hw-mul\libc.a(lib_a-fstatr.o)
                0x00000000040112c4                _fstat_r
 .text          0x0000000004011320        0x0 c:/intelfpga/18.1/nios2eds/bin/gnu/h-x86_64-mingw32/bin/../lib/gcc/nios2-elf/5.3.0/../../../../../H-x86_64-mingw32/nios2-elf/lib/mno-hw-mul\libc.a(lib_a-impure.o)
 .text          0x0000000004011320        0x0 c:/intelfpga/18.1/nios2eds/bin/gnu/h-x86_64-mingw32/bin/../lib/gcc/nios2-elf/5.3.0/../../../../../H-x86_64-mingw32/nios2-elf/lib/mno-hw-mul\libc.a(lib_a-int_errno.o)
 .text          0x0000000004011320        0x0 c:/intelfpga/18.1/nios2eds/bin/gnu/h-x86_64-mingw32/bin/../lib/gcc/nios2-elf/5.3.0/../../../../../H-x86_64-mingw32/nios2-elf/lib/mno-hw-mul\libc.a(lib_a-makebuf.o)
 .text.__smakebuf_r
                0x0000000004011320      0x1bc c:/intelfpga/18.1/nios2eds/bin/gnu/h-x86_64-mingw32/bin/../lib/gcc/nios2-elf/5.3.0/../../../../../H-x86_64-mingw32/nios2-elf/lib/mno-hw-mul\libc.a(lib_a-makebuf.o)
                0x0000000004011320                __smakebuf_r
 .text          0x00000000040114dc        0x0 c:/intelfpga/18.1/nios2eds/bin/gnu/h-x86_64-mingw32/bin/../lib/gcc/nios2-elf/5.3.0/../../../../../H-x86_64-mingw32/nios2-elf/lib/mno-hw-mul\libc.a(lib_a-mallocr.o)
 .text._malloc_r
                0x00000000040114dc      0x80c c:/intelfpga/18.1/nios2eds/bin/gnu/h-x86_64-mingw32/bin/../lib/gcc/nios2-elf/5.3.0/../../../../../H-x86_64-mingw32/nios2-elf/lib/mno-hw-mul\libc.a(lib_a-mallocr.o)
                0x00000000040114dc                _malloc_r
 .text          0x0000000004011ce8        0x0 c:/intelfpga/18.1/nios2eds/bin/gnu/h-x86_64-mingw32/bin/../lib/gcc/nios2-elf/5.3.0/../../../../../H-x86_64-mingw32/nios2-elf/lib/mno-hw-mul\libc.a(lib_a-memcpy.o)
 .text.memcpy   0x0000000004011ce8      0x148 c:/intelfpga/18.1/nios2eds/bin/gnu/h-x86_64-mingw32/bin/../lib/gcc/nios2-elf/5.3.0/../../../../../H-x86_64-mingw32/nios2-elf/lib/mno-hw-mul\libc.a(lib_a-memcpy.o)
                0x0000000004011ce8                memcpy
 .text          0x0000000004011e30        0x0 c:/intelfpga/18.1/nios2eds/bin/gnu/h-x86_64-mingw32/bin/../lib/gcc/nios2-elf/5.3.0/../../../../../H-x86_64-mingw32/nios2-elf/lib/mno-hw-mul\libc.a(lib_a-memset.o)
 .text.memset   0x0000000004011e30      0x128 c:/intelfpga/18.1/nios2eds/bin/gnu/h-x86_64-mingw32/bin/../lib/gcc/nios2-elf/5.3.0/../../../../../H-x86_64-mingw32/nios2-elf/lib/mno-hw-mul\libc.a(lib_a-memset.o)
                0x0000000004011e30                memset
 .text          0x0000000004011f58        0x0 c:/intelfpga/18.1/nios2eds/bin/gnu/h-x86_64-mingw32/bin/../lib/gcc/nios2-elf/5.3.0/../../../../../H-x86_64-mingw32/nios2-elf/lib/mno-hw-mul\libc.a(lib_a-openr.o)
 .text._open_r  0x0000000004011f58       0x60 c:/intelfpga/18.1/nios2eds/bin/gnu/h-x86_64-mingw32/bin/../lib/gcc/nios2-elf/5.3.0/../../../../../H-x86_64-mingw32/nios2-elf/lib/mno-hw-mul\libc.a(lib_a-openr.o)
                0x0000000004011f58                _open_r
 .text          0x0000000004011fb8        0x0 c:/intelfpga/18.1/nios2eds/bin/gnu/h-x86_64-mingw32/bin/../lib/gcc/nios2-elf/5.3.0/../../../../../H-x86_64-mingw32/nios2-elf/lib/mno-hw-mul\libc.a(lib_a-puts.o)
 .text._puts_r  0x0000000004011fb8       0xc0 c:/intelfpga/18.1/nios2eds/bin/gnu/h-x86_64-mingw32/bin/../lib/gcc/nios2-elf/5.3.0/../../../../../H-x86_64-mingw32/nios2-elf/lib/mno-hw-mul\libc.a(lib_a-puts.o)
                0x0000000004011fb8                _puts_r
 .text.puts     0x0000000004012078       0x14 c:/intelfpga/18.1/nios2eds/bin/gnu/h-x86_64-mingw32/bin/../lib/gcc/nios2-elf/5.3.0/../../../../../H-x86_64-mingw32/nios2-elf/lib/mno-hw-mul\libc.a(lib_a-puts.o)
                0x0000000004012078                puts
 .text          0x000000000401208c        0x0 c:/intelfpga/18.1/nios2eds/bin/gnu/h-x86_64-mingw32/bin/../lib/gcc/nios2-elf/5.3.0/../../../../../H-x86_64-mingw32/nios2-elf/lib/mno-hw-mul\libc.a(lib_a-refill.o)
 .text.lflush   0x000000000401208c       0x1c c:/intelfpga/18.1/nios2eds/bin/gnu/h-x86_64-mingw32/bin/../lib/gcc/nios2-elf/5.3.0/../../../../../H-x86_64-mingw32/nios2-elf/lib/mno-hw-mul\libc.a(lib_a-refill.o)
 .text.__srefill_r
                0x00000000040120a8      0x1d4 c:/intelfpga/18.1/nios2eds/bin/gnu/h-x86_64-mingw32/bin/../lib/gcc/nios2-elf/5.3.0/../../../../../H-x86_64-mingw32/nios2-elf/lib/mno-hw-mul\libc.a(lib_a-refill.o)
                0x00000000040120a8                __srefill_r
 .text          0x000000000401227c        0x0 c:/intelfpga/18.1/nios2eds/bin/gnu/h-x86_64-mingw32/bin/../lib/gcc/nios2-elf/5.3.0/../../../../../H-x86_64-mingw32/nios2-elf/lib/mno-hw-mul\libc.a(lib_a-sbrkr.o)
 .text._sbrk_r  0x000000000401227c       0x54 c:/intelfpga/18.1/nios2eds/bin/gnu/h-x86_64-mingw32/bin/../lib/gcc/nios2-elf/5.3.0/../../../../../H-x86_64-mingw32/nios2-elf/lib/mno-hw-mul\libc.a(lib_a-sbrkr.o)
                0x000000000401227c                _sbrk_r
 .text          0x00000000040122d0        0x0 c:/intelfpga/18.1/nios2eds/bin/gnu/h-x86_64-mingw32/bin/../lib/gcc/nios2-elf/5.3.0/../../../../../H-x86_64-mingw32/nios2-elf/lib/mno-hw-mul\libc.a(lib_a-stdio.o)
 .text.__sread  0x00000000040122d0       0x54 c:/intelfpga/18.1/nios2eds/bin/gnu/h-x86_64-mingw32/bin/../lib/gcc/nios2-elf/5.3.0/../../../../../H-x86_64-mingw32/nios2-elf/lib/mno-hw-mul\libc.a(lib_a-stdio.o)
                0x00000000040122d0                __sread
 .text.__seofread
                0x0000000004012324        0x8 c:/intelfpga/18.1/nios2eds/bin/gnu/h-x86_64-mingw32/bin/../lib/gcc/nios2-elf/5.3.0/../../../../../H-x86_64-mingw32/nios2-elf/lib/mno-hw-mul\libc.a(lib_a-stdio.o)
                0x0000000004012324                __seofread
 .text.__swrite
                0x000000000401232c       0x7c c:/intelfpga/18.1/nios2eds/bin/gnu/h-x86_64-mingw32/bin/../lib/gcc/nios2-elf/5.3.0/../../../../../H-x86_64-mingw32/nios2-elf/lib/mno-hw-mul\libc.a(lib_a-stdio.o)
                0x000000000401232c                __swrite
 .text.__sseek  0x00000000040123a8       0x5c c:/intelfpga/18.1/nios2eds/bin/gnu/h-x86_64-mingw32/bin/../lib/gcc/nios2-elf/5.3.0/../../../../../H-x86_64-mingw32/nios2-elf/lib/mno-hw-mul\libc.a(lib_a-stdio.o)
                0x00000000040123a8                __sseek
 .text.__sclose
                0x0000000004012404        0x8 c:/intelfpga/18.1/nios2eds/bin/gnu/h-x86_64-mingw32/bin/../lib/gcc/nios2-elf/5.3.0/../../../../../H-x86_64-mingw32/nios2-elf/lib/mno-hw-mul\libc.a(lib_a-stdio.o)
                0x0000000004012404                __sclose
 .text          0x000000000401240c        0x0 c:/intelfpga/18.1/nios2eds/bin/gnu/h-x86_64-mingw32/bin/../lib/gcc/nios2-elf/5.3.0/../../../../../H-x86_64-mingw32/nios2-elf/lib/mno-hw-mul\libc.a(lib_a-strlen.o)
 .text.strlen   0x000000000401240c       0x98 c:/intelfpga/18.1/nios2eds/bin/gnu/h-x86_64-mingw32/bin/../lib/gcc/nios2-elf/5.3.0/../../../../../H-x86_64-mingw32/nios2-elf/lib/mno-hw-mul\libc.a(lib_a-strlen.o)
                0x000000000401240c                strlen
 .text          0x00000000040124a4        0x0 c:/intelfpga/18.1/nios2eds/bin/gnu/h-x86_64-mingw32/bin/../lib/gcc/nios2-elf/5.3.0/../../../../../H-x86_64-mingw32/nios2-elf/lib/mno-hw-mul\libc.a(lib_a-writer.o)
 .text._write_r
                0x00000000040124a4       0x60 c:/intelfpga/18.1/nios2eds/bin/gnu/h-x86_64-mingw32/bin/../lib/gcc/nios2-elf/5.3.0/../../../../../H-x86_64-mingw32/nios2-elf/lib/mno-hw-mul\libc.a(lib_a-writer.o)
                0x00000000040124a4                _write_r
 .text          0x0000000004012504        0x0 c:/intelfpga/18.1/nios2eds/bin/gnu/h-x86_64-mingw32/bin/../lib/gcc/nios2-elf/5.3.0/../../../../../H-x86_64-mingw32/nios2-elf/lib/mno-hw-mul\libc.a(closer.o)
 .text._close_r
                0x0000000004012504       0x54 c:/intelfpga/18.1/nios2eds/bin/gnu/h-x86_64-mingw32/bin/../lib/gcc/nios2-elf/5.3.0/../../../../../H-x86_64-mingw32/nios2-elf/lib/mno-hw-mul\libc.a(closer.o)
                0x0000000004012504                _close_r
 .text          0x0000000004012558        0x0 c:/intelfpga/18.1/nios2eds/bin/gnu/h-x86_64-mingw32/bin/../lib/gcc/nios2-elf/5.3.0/../../../../../H-x86_64-mingw32/nios2-elf/lib/mno-hw-mul\libc.a(lib_a-fflush.o)
 .text.__sflush_r
                0x0000000004012558      0x21c c:/intelfpga/18.1/nios2eds/bin/gnu/h-x86_64-mingw32/bin/../lib/gcc/nios2-elf/5.3.0/../../../../../H-x86_64-mingw32/nios2-elf/lib/mno-hw-mul\libc.a(lib_a-fflush.o)
                0x0000000004012558                __sflush_r
 .text._fflush_r
                0x0000000004012774       0x5c c:/intelfpga/18.1/nios2eds/bin/gnu/h-x86_64-mingw32/bin/../lib/gcc/nios2-elf/5.3.0/../../../../../H-x86_64-mingw32/nios2-elf/lib/mno-hw-mul\libc.a(lib_a-fflush.o)
                0x0000000004012774                _fflush_r
 .text.fflush   0x00000000040127d0       0x30 c:/intelfpga/18.1/nios2eds/bin/gnu/h-x86_64-mingw32/bin/../lib/gcc/nios2-elf/5.3.0/../../../../../H-x86_64-mingw32/nios2-elf/lib/mno-hw-mul\libc.a(lib_a-fflush.o)
                0x00000000040127d0                fflush
 .text          0x0000000004012800        0x0 c:/intelfpga/18.1/nios2eds/bin/gnu/h-x86_64-mingw32/bin/../lib/gcc/nios2-elf/5.3.0/../../../../../H-x86_64-mingw32/nios2-elf/lib/mno-hw-mul\libc.a(lib_a-findfp.o)
 .text.__fp_unlock
                0x0000000004012800        0x8 c:/intelfpga/18.1/nios2eds/bin/gnu/h-x86_64-mingw32/bin/../lib/gcc/nios2-elf/5.3.0/../../../../../H-x86_64-mingw32/nios2-elf/lib/mno-hw-mul\libc.a(lib_a-findfp.o)
 .text._cleanup_r
                0x0000000004012808        0xc c:/intelfpga/18.1/nios2eds/bin/gnu/h-x86_64-mingw32/bin/../lib/gcc/nios2-elf/5.3.0/../../../../../H-x86_64-mingw32/nios2-elf/lib/mno-hw-mul\libc.a(lib_a-findfp.o)
                0x0000000004012808                _cleanup_r
 .text.__sinit.part.1
                0x0000000004012814      0x19c c:/intelfpga/18.1/nios2eds/bin/gnu/h-x86_64-mingw32/bin/../lib/gcc/nios2-elf/5.3.0/../../../../../H-x86_64-mingw32/nios2-elf/lib/mno-hw-mul\libc.a(lib_a-findfp.o)
 .text.__fp_lock
                0x00000000040129b0        0x8 c:/intelfpga/18.1/nios2eds/bin/gnu/h-x86_64-mingw32/bin/../lib/gcc/nios2-elf/5.3.0/../../../../../H-x86_64-mingw32/nios2-elf/lib/mno-hw-mul\libc.a(lib_a-findfp.o)
 .text.__sfmoreglue
                0x00000000040129b8       0x78 c:/intelfpga/18.1/nios2eds/bin/gnu/h-x86_64-mingw32/bin/../lib/gcc/nios2-elf/5.3.0/../../../../../H-x86_64-mingw32/nios2-elf/lib/mno-hw-mul\libc.a(lib_a-findfp.o)
                0x00000000040129b8                __sfmoreglue
 .text.__sfp    0x0000000004012a30      0x118 c:/intelfpga/18.1/nios2eds/bin/gnu/h-x86_64-mingw32/bin/../lib/gcc/nios2-elf/5.3.0/../../../../../H-x86_64-mingw32/nios2-elf/lib/mno-hw-mul\libc.a(lib_a-findfp.o)
                0x0000000004012a30                __sfp
 .text._cleanup
                0x0000000004012b48       0x18 c:/intelfpga/18.1/nios2eds/bin/gnu/h-x86_64-mingw32/bin/../lib/gcc/nios2-elf/5.3.0/../../../../../H-x86_64-mingw32/nios2-elf/lib/mno-hw-mul\libc.a(lib_a-findfp.o)
                0x0000000004012b48                _cleanup
 .text.__sinit  0x0000000004012b60       0x10 c:/intelfpga/18.1/nios2eds/bin/gnu/h-x86_64-mingw32/bin/../lib/gcc/nios2-elf/5.3.0/../../../../../H-x86_64-mingw32/nios2-elf/lib/mno-hw-mul\libc.a(lib_a-findfp.o)
                0x0000000004012b60                __sinit
 .text.__sfp_lock_acquire
                0x0000000004012b70        0x4 c:/intelfpga/18.1/nios2eds/bin/gnu/h-x86_64-mingw32/bin/../lib/gcc/nios2-elf/5.3.0/../../../../../H-x86_64-mingw32/nios2-elf/lib/mno-hw-mul\libc.a(lib_a-findfp.o)
                0x0000000004012b70                __sfp_lock_acquire
 .text.__sfp_lock_release
                0x0000000004012b74        0x4 c:/intelfpga/18.1/nios2eds/bin/gnu/h-x86_64-mingw32/bin/../lib/gcc/nios2-elf/5.3.0/../../../../../H-x86_64-mingw32/nios2-elf/lib/mno-hw-mul\libc.a(lib_a-findfp.o)
                0x0000000004012b74                __sfp_lock_release
 .text.__sinit_lock_acquire
                0x0000000004012b78        0x4 c:/intelfpga/18.1/nios2eds/bin/gnu/h-x86_64-mingw32/bin/../lib/gcc/nios2-elf/5.3.0/../../../../../H-x86_64-mingw32/nios2-elf/lib/mno-hw-mul\libc.a(lib_a-findfp.o)
                0x0000000004012b78                __sinit_lock_acquire
 .text.__sinit_lock_release
                0x0000000004012b7c        0x4 c:/intelfpga/18.1/nios2eds/bin/gnu/h-x86_64-mingw32/bin/../lib/gcc/nios2-elf/5.3.0/../../../../../H-x86_64-mingw32/nios2-elf/lib/mno-hw-mul\libc.a(lib_a-findfp.o)
                0x0000000004012b7c                __sinit_lock_release
 .text.__fp_lock_all
                0x0000000004012b80       0x18 c:/intelfpga/18.1/nios2eds/bin/gnu/h-x86_64-mingw32/bin/../lib/gcc/nios2-elf/5.3.0/../../../../../H-x86_64-mingw32/nios2-elf/lib/mno-hw-mul\libc.a(lib_a-findfp.o)
                0x0000000004012b80                __fp_lock_all
 .text.__fp_unlock_all
                0x0000000004012b98       0x18 c:/intelfpga/18.1/nios2eds/bin/gnu/h-x86_64-mingw32/bin/../lib/gcc/nios2-elf/5.3.0/../../../../../H-x86_64-mingw32/nios2-elf/lib/mno-hw-mul\libc.a(lib_a-findfp.o)
                0x0000000004012b98                __fp_unlock_all
 .text          0x0000000004012bb0        0x0 c:/intelfpga/18.1/nios2eds/bin/gnu/h-x86_64-mingw32/bin/../lib/gcc/nios2-elf/5.3.0/../../../../../H-x86_64-mingw32/nios2-elf/lib/mno-hw-mul\libc.a(lib_a-flags.o)
 .text.__sflags
                0x0000000004012bb0       0xac c:/intelfpga/18.1/nios2eds/bin/gnu/h-x86_64-mingw32/bin/../lib/gcc/nios2-elf/5.3.0/../../../../../H-x86_64-mingw32/nios2-elf/lib/mno-hw-mul\libc.a(lib_a-flags.o)
                0x0000000004012bb0                __sflags
 .text          0x0000000004012c5c        0x0 c:/intelfpga/18.1/nios2eds/bin/gnu/h-x86_64-mingw32/bin/../lib/gcc/nios2-elf/5.3.0/../../../../../H-x86_64-mingw32/nios2-elf/lib/mno-hw-mul\libc.a(lib_a-fvwrite.o)
 .text.__sfvwrite_r
                0x0000000004012c5c      0x4c8 c:/intelfpga/18.1/nios2eds/bin/gnu/h-x86_64-mingw32/bin/../lib/gcc/nios2-elf/5.3.0/../../../../../H-x86_64-mingw32/nios2-elf/lib/mno-hw-mul\libc.a(lib_a-fvwrite.o)
                0x0000000004012c5c                __sfvwrite_r
 .text          0x0000000004013124        0x0 c:/intelfpga/18.1/nios2eds/bin/gnu/h-x86_64-mingw32/bin/../lib/gcc/nios2-elf/5.3.0/../../../../../H-x86_64-mingw32/nios2-elf/lib/mno-hw-mul\libc.a(lib_a-fwalk.o)
 .text._fwalk   0x0000000004013124       0xc4 c:/intelfpga/18.1/nios2eds/bin/gnu/h-x86_64-mingw32/bin/../lib/gcc/nios2-elf/5.3.0/../../../../../H-x86_64-mingw32/nios2-elf/lib/mno-hw-mul\libc.a(lib_a-fwalk.o)
                0x0000000004013124                _fwalk
 .text._fwalk_reent
                0x00000000040131e8       0xc4 c:/intelfpga/18.1/nios2eds/bin/gnu/h-x86_64-mingw32/bin/../lib/gcc/nios2-elf/5.3.0/../../../../../H-x86_64-mingw32/nios2-elf/lib/mno-hw-mul\libc.a(lib_a-fwalk.o)
                0x00000000040131e8                _fwalk_reent
 .text          0x00000000040132ac        0x0 c:/intelfpga/18.1/nios2eds/bin/gnu/h-x86_64-mingw32/bin/../lib/gcc/nios2-elf/5.3.0/../../../../../H-x86_64-mingw32/nios2-elf/lib/mno-hw-mul\libc.a(lib_a-isattyr.o)
 .text._isatty_r
                0x00000000040132ac       0x54 c:/intelfpga/18.1/nios2eds/bin/gnu/h-x86_64-mingw32/bin/../lib/gcc/nios2-elf/5.3.0/../../../../../H-x86_64-mingw32/nios2-elf/lib/mno-hw-mul\libc.a(lib_a-isattyr.o)
                0x00000000040132ac                _isatty_r
 .text          0x0000000004013300        0x0 c:/intelfpga/18.1/nios2eds/bin/gnu/h-x86_64-mingw32/bin/../lib/gcc/nios2-elf/5.3.0/../../../../../H-x86_64-mingw32/nios2-elf/lib/mno-hw-mul\libc.a(lib_a-lseekr.o)
 .text._lseek_r
                0x0000000004013300       0x60 c:/intelfpga/18.1/nios2eds/bin/gnu/h-x86_64-mingw32/bin/../lib/gcc/nios2-elf/5.3.0/../../../../../H-x86_64-mingw32/nios2-elf/lib/mno-hw-mul\libc.a(lib_a-lseekr.o)
                0x0000000004013300                _lseek_r
 .text          0x0000000004013360        0x0 c:/intelfpga/18.1/nios2eds/bin/gnu/h-x86_64-mingw32/bin/../lib/gcc/nios2-elf/5.3.0/../../../../../H-x86_64-mingw32/nios2-elf/lib/mno-hw-mul\libc.a(lib_a-memchr.o)
 .text.memchr   0x0000000004013360       0xe4 c:/intelfpga/18.1/nios2eds/bin/gnu/h-x86_64-mingw32/bin/../lib/gcc/nios2-elf/5.3.0/../../../../../H-x86_64-mingw32/nios2-elf/lib/mno-hw-mul\libc.a(lib_a-memchr.o)
                0x0000000004013360                memchr
 .text          0x0000000004013444        0x0 c:/intelfpga/18.1/nios2eds/bin/gnu/h-x86_64-mingw32/bin/../lib/gcc/nios2-elf/5.3.0/../../../../../H-x86_64-mingw32/nios2-elf/lib/mno-hw-mul\libc.a(lib_a-memmove.o)
 .text.memmove  0x0000000004013444      0x15c c:/intelfpga/18.1/nios2eds/bin/gnu/h-x86_64-mingw32/bin/../lib/gcc/nios2-elf/5.3.0/../../../../../H-x86_64-mingw32/nios2-elf/lib/mno-hw-mul\libc.a(lib_a-memmove.o)
                0x0000000004013444                memmove
 .text          0x00000000040135a0        0x0 c:/intelfpga/18.1/nios2eds/bin/gnu/h-x86_64-mingw32/bin/../lib/gcc/nios2-elf/5.3.0/../../../../../H-x86_64-mingw32/nios2-elf/lib/mno-hw-mul\libc.a(lib_a-readr.o)
 .text._read_r  0x00000000040135a0       0x60 c:/intelfpga/18.1/nios2eds/bin/gnu/h-x86_64-mingw32/bin/../lib/gcc/nios2-elf/5.3.0/../../../../../H-x86_64-mingw32/nios2-elf/lib/mno-hw-mul\libc.a(lib_a-readr.o)
                0x00000000040135a0                _read_r
 .text          0x0000000004013600        0x0 c:/intelfpga/18.1/nios2eds/bin/gnu/h-x86_64-mingw32/bin/../lib/gcc/nios2-elf/5.3.0/../../../../../H-x86_64-mingw32/nios2-elf/lib/mno-hw-mul\libc.a(lib_a-reallocr.o)
 .text._realloc_r
                0x0000000004013600      0x564 c:/intelfpga/18.1/nios2eds/bin/gnu/h-x86_64-mingw32/bin/../lib/gcc/nios2-elf/5.3.0/../../../../../H-x86_64-mingw32/nios2-elf/lib/mno-hw-mul\libc.a(lib_a-reallocr.o)
                0x0000000004013600                _realloc_r
 .text          0x0000000004013b64        0x0 c:/intelfpga/18.1/nios2eds/bin/gnu/h-x86_64-mingw32/bin/../lib/gcc/nios2-elf/5.3.0/../../../../../H-x86_64-mingw32/nios2-elf/lib/mno-hw-mul\libc.a(lib_a-wsetup.o)
 .text.__swsetup_r
                0x0000000004013b64      0x154 c:/intelfpga/18.1/nios2eds/bin/gnu/h-x86_64-mingw32/bin/../lib/gcc/nios2-elf/5.3.0/../../../../../H-x86_64-mingw32/nios2-elf/lib/mno-hw-mul\libc.a(lib_a-wsetup.o)
                0x0000000004013b64                __swsetup_r
 .text          0x0000000004013cb8        0x0 c:/intelfpga/18.1/nios2eds/bin/gnu/h-x86_64-mingw32/bin/../lib/gcc/nios2-elf/5.3.0/../../../../../H-x86_64-mingw32/nios2-elf/lib/mno-hw-mul\libc.a(lib_a-fclose.o)
 .text._fclose_r
                0x0000000004013cb8       0xf0 c:/intelfpga/18.1/nios2eds/bin/gnu/h-x86_64-mingw32/bin/../lib/gcc/nios2-elf/5.3.0/../../../../../H-x86_64-mingw32/nios2-elf/lib/mno-hw-mul\libc.a(lib_a-fclose.o)
                0x0000000004013cb8                _fclose_r
 .text.fclose   0x0000000004013da8       0x14 c:/intelfpga/18.1/nios2eds/bin/gnu/h-x86_64-mingw32/bin/../lib/gcc/nios2-elf/5.3.0/../../../../../H-x86_64-mingw32/nios2-elf/lib/mno-hw-mul\libc.a(lib_a-fclose.o)
                0x0000000004013da8                fclose
 .text          0x0000000004013dbc      0x1b4 c:/intelfpga/18.1/nios2eds/bin/gnu/h-x86_64-mingw32/bin/../lib/gcc/nios2-elf/5.3.0/mno-hw-mul\libgcc.a(lib2-divmod.o)
                0x0000000004013dbc                __divsi3
                0x0000000004013e40                __modsi3
                0x0000000004013eb4                __udivsi3
                0x0000000004013f18                __umodsi3
 .text          0x0000000004013f70       0x28 c:/intelfpga/18.1/nios2eds/bin/gnu/h-x86_64-mingw32/bin/../lib/gcc/nios2-elf/5.3.0/mno-hw-mul\libgcc.a(lib2-mul.o)
                0x0000000004013f70                __mulsi3
 .text          0x0000000004013f98      0x114 ../New_Audio_Filter_bsp/\libhal_bsp.a(alt_close.o)
                0x0000000004013fd4                close
 .text          0x00000000040140ac       0x2c ../New_Audio_Filter_bsp/\libhal_bsp.a(alt_dev.o)
 .text          0x00000000040140d8        0x0 ../New_Audio_Filter_bsp/\libhal_bsp.a(alt_errno.o)
 .text          0x00000000040140d8       0xf4 ../New_Audio_Filter_bsp/\libhal_bsp.a(alt_fstat.o)
                0x0000000004014114                fstat
 .text          0x00000000040141cc      0x1b0 ../New_Audio_Filter_bsp/\libhal_bsp.a(alt_iic.o)
                0x00000000040141cc                alt_ic_isr_register
                0x000000000401421c                alt_ic_irq_enable
                0x00000000040142a4                alt_ic_irq_disable
                0x0000000004014330                alt_ic_irq_enabled
 .text          0x000000000401437c       0xf0 ../New_Audio_Filter_bsp/\libhal_bsp.a(alt_iic_isr_register.o)
                0x000000000401437c                alt_iic_isr_register
 .text          0x000000000401446c        0x0 ../New_Audio_Filter_bsp/\libhal_bsp.a(alt_irq_entry.o)
 .text          0x000000000401446c        0x0 ../New_Audio_Filter_bsp/\libhal_bsp.a(alt_irq_handler.o)
 .text          0x000000000401446c        0x0 ../New_Audio_Filter_bsp/\libhal_bsp.a(alt_irq_vars.o)
 .text          0x000000000401446c       0xe8 ../New_Audio_Filter_bsp/\libhal_bsp.a(alt_isatty.o)
                0x00000000040144a8                isatty
 .text          0x0000000004014554       0xec ../New_Audio_Filter_bsp/\libhal_bsp.a(alt_load.o)
                0x00000000040145bc                alt_load
 .text          0x0000000004014640      0x118 ../New_Audio_Filter_bsp/\libhal_bsp.a(alt_lseek.o)
                0x000000000401467c                lseek
 .text          0x0000000004014758       0x7c ../New_Audio_Filter_bsp/\libhal_bsp.a(alt_main.o)
                0x0000000004014758                alt_main
 .text          0x00000000040147d4       0x48 ../New_Audio_Filter_bsp/\libhal_bsp.a(alt_malloc_lock.o)
                0x00000000040147d4                __malloc_lock
                0x00000000040147f8                __malloc_unlock
 .text          0x000000000401481c      0x284 ../New_Audio_Filter_bsp/\libhal_bsp.a(alt_open.o)
                0x0000000004014944                open
 .text          0x0000000004014aa0      0x140 ../New_Audio_Filter_bsp/\libhal_bsp.a(alt_read.o)
                0x0000000004014adc                read
 .text          0x0000000004014be0       0x84 ../New_Audio_Filter_bsp/\libhal_bsp.a(alt_release_fd.o)
                0x0000000004014be0                alt_release_fd
 .text          0x0000000004014c64       0xb0 ../New_Audio_Filter_bsp/\libhal_bsp.a(alt_sbrk.o)
                0x0000000004014c64                sbrk
 .text          0x0000000004014d14      0x13c ../New_Audio_Filter_bsp/\libhal_bsp.a(alt_write.o)
                0x0000000004014d50                write
 .text          0x0000000004014e50       0xf4 ../New_Audio_Filter_bsp/\libhal_bsp.a(alt_sys_init.o)
                0x0000000004014e84                alt_irq_init
                0x0000000004014ebc                alt_sys_init
 .text          0x0000000004014f44      0x164 ../New_Audio_Filter_bsp/\libhal_bsp.a(altera_avalon_jtag_uart_fd.o)
                0x0000000004014f44                altera_avalon_jtag_uart_read_fd
                0x0000000004014fa4                altera_avalon_jtag_uart_write_fd
                0x0000000004015004                altera_avalon_jtag_uart_close_fd
                0x0000000004015054                altera_avalon_jtag_uart_ioctl_fd
 .text          0x00000000040150a8      0x3d4 ../New_Audio_Filter_bsp/\libhal_bsp.a(altera_avalon_jtag_uart_init.o)
                0x00000000040150a8                altera_avalon_jtag_uart_init
                0x0000000004015414                altera_avalon_jtag_uart_close
 .text          0x000000000401547c       0xf0 ../New_Audio_Filter_bsp/\libhal_bsp.a(altera_avalon_jtag_uart_ioctl.o)
                0x000000000401547c                altera_avalon_jtag_uart_ioctl
 .text          0x000000000401556c      0x21c ../New_Audio_Filter_bsp/\libhal_bsp.a(altera_avalon_jtag_uart_read.o)
                0x000000000401556c                altera_avalon_jtag_uart_read
 .text          0x0000000004015788      0x224 ../New_Audio_Filter_bsp/\libhal_bsp.a(altera_avalon_jtag_uart_write.o)
                0x0000000004015788                altera_avalon_jtag_uart_write
 .text          0x00000000040159ac       0xf4 ../New_Audio_Filter_bsp/\libhal_bsp.a(altera_avalon_timer_sc.o)
                0x0000000004015a24                alt_avalon_timer_sc_init
 .text          0x0000000004015aa0      0x484 ../New_Audio_Filter_bsp/\libhal_bsp.a(altera_hostfs.o)
                0x0000000004015aa0                alt_hostfs_open
                0x0000000004015bbc                alt_hostfs_close
                0x0000000004015c00                alt_hostfs_read
                0x0000000004015c6c                alt_hostfs_write
                0x0000000004015cd8                alt_hostfs_seek
                0x0000000004015d40                alt_hostfs_fstat
 .text          0x0000000004015f24      0x12c ../New_Audio_Filter_bsp/\libhal_bsp.a(alt_alarm_start.o)
                0x0000000004015f24                alt_alarm_start
 .text          0x0000000004016050       0x20 ../New_Audio_Filter_bsp/\libhal_bsp.a(alt_dcache_flush_all.o)
                0x0000000004016050                alt_dcache_flush_all
 .text          0x0000000004016070       0xe0 ../New_Audio_Filter_bsp/\libhal_bsp.a(alt_dev_llist_insert.o)
                0x00000000040160ac                alt_dev_llist_insert
 .text          0x0000000004016150       0x60 ../New_Audio_Filter_bsp/\libhal_bsp.a(alt_do_ctors.o)
                0x0000000004016150                _do_ctors
 .text          0x00000000040161b0       0x60 ../New_Audio_Filter_bsp/\libhal_bsp.a(alt_do_dtors.o)
                0x00000000040161b0                _do_dtors
 .text          0x0000000004016210        0x0 ../New_Audio_Filter_bsp/\libhal_bsp.a(alt_exception_entry.o)
 .text          0x0000000004016210       0x90 ../New_Audio_Filter_bsp/\libhal_bsp.a(alt_find_dev.o)
                0x0000000004016210                alt_find_dev
 .text          0x00000000040162a0      0x108 ../New_Audio_Filter_bsp/\libhal_bsp.a(alt_find_file.o)
                0x00000000040162a0                alt_find_file
 .text          0x00000000040163a8       0x80 ../New_Audio_Filter_bsp/\libhal_bsp.a(alt_fs_reg.o)
                0x00000000040163a8                alt_fs_reg
 .text          0x0000000004016428       0xc4 ../New_Audio_Filter_bsp/\libhal_bsp.a(alt_get_fd.o)
                0x0000000004016428                alt_get_fd
 .text          0x00000000040164ec       0x20 ../New_Audio_Filter_bsp/\libhal_bsp.a(alt_icache_flush_all.o)
                0x00000000040164ec                alt_icache_flush_all
 .text          0x000000000401650c       0x9c ../New_Audio_Filter_bsp/\libhal_bsp.a(alt_instruction_exception_entry.o)
                0x000000000401650c                alt_exception_cause_generated_bad_addr
 .text          0x00000000040165a8      0x160 ../New_Audio_Filter_bsp/\libhal_bsp.a(alt_io_redirect.o)
                0x000000000401668c                alt_io_redirect
 .text          0x0000000004016708      0x1a4 ../New_Audio_Filter_bsp/\libhal_bsp.a(alt_tick.o)
                0x0000000004016708                alt_alarm_stop
                0x00000000040167a4                alt_tick
 .text          0x00000000040168ac       0x24 ../New_Audio_Filter_bsp/\libhal_bsp.a(altera_nios2_gen2_irq.o)
                0x00000000040168ac                altera_nios2_gen2_irq_init
 .text          0x00000000040168d0        0x0 c:/intelfpga/18.1/nios2eds/bin/gnu/h-x86_64-mingw32/bin/../lib/gcc/nios2-elf/5.3.0/../../../../../H-x86_64-mingw32/nios2-elf/lib/mno-hw-mul\libc.a(lib_a-atexit.o)
 .text.atexit   0x00000000040168d0       0x14 c:/intelfpga/18.1/nios2eds/bin/gnu/h-x86_64-mingw32/bin/../lib/gcc/nios2-elf/5.3.0/../../../../../H-x86_64-mingw32/nios2-elf/lib/mno-hw-mul\libc.a(lib_a-atexit.o)
                0x00000000040168d0                atexit
 .text          0x00000000040168e4        0x0 c:/intelfpga/18.1/nios2eds/bin/gnu/h-x86_64-mingw32/bin/../lib/gcc/nios2-elf/5.3.0/../../../../../H-x86_64-mingw32/nios2-elf/lib/mno-hw-mul\libc.a(lib_a-exit.o)
 .text.exit     0x00000000040168e4       0x38 c:/intelfpga/18.1/nios2eds/bin/gnu/h-x86_64-mingw32/bin/../lib/gcc/nios2-elf/5.3.0/../../../../../H-x86_64-mingw32/nios2-elf/lib/mno-hw-mul\libc.a(lib_a-exit.o)
                0x00000000040168e4                exit
 .text          0x000000000401691c        0x0 c:/intelfpga/18.1/nios2eds/bin/gnu/h-x86_64-mingw32/bin/../lib/gcc/nios2-elf/5.3.0/../../../../../H-x86_64-mingw32/nios2-elf/lib/mno-hw-mul\libc.a(lib_a-memcmp.o)
 .text.memcmp   0x000000000401691c       0x7c c:/intelfpga/18.1/nios2eds/bin/gnu/h-x86_64-mingw32/bin/../lib/gcc/nios2-elf/5.3.0/../../../../../H-x86_64-mingw32/nios2-elf/lib/mno-hw-mul\libc.a(lib_a-memcmp.o)
                0x000000000401691c                memcmp
 .text          0x0000000004016998        0x0 c:/intelfpga/18.1/nios2eds/bin/gnu/h-x86_64-mingw32/bin/../lib/gcc/nios2-elf/5.3.0/../../../../../H-x86_64-mingw32/nios2-elf/lib/mno-hw-mul\libc.a(lib_a-__atexit.o)
 .text.__register_exitproc
                0x0000000004016998      0x118 c:/intelfpga/18.1/nios2eds/bin/gnu/h-x86_64-mingw32/bin/../lib/gcc/nios2-elf/5.3.0/../../../../../H-x86_64-mingw32/nios2-elf/lib/mno-hw-mul\libc.a(lib_a-__atexit.o)
                0x0000000004016998                __register_exitproc
 .text          0x0000000004016ab0        0x0 c:/intelfpga/18.1/nios2eds/bin/gnu/h-x86_64-mingw32/bin/../lib/gcc/nios2-elf/5.3.0/../../../../../H-x86_64-mingw32/nios2-elf/lib/mno-hw-mul\libc.a(lib_a-__call_atexit.o)
 .text.__call_exitprocs
                0x0000000004016ab0      0x180 c:/intelfpga/18.1/nios2eds/bin/gnu/h-x86_64-mingw32/bin/../lib/gcc/nios2-elf/5.3.0/../../../../../H-x86_64-mingw32/nios2-elf/lib/mno-hw-mul\libc.a(lib_a-__call_atexit.o)
                0x0000000004016ab0                __call_exitprocs
 .text          0x0000000004016c30       0x34 ../New_Audio_Filter_bsp/\libhal_bsp.a(alt_exit.o)
                0x0000000004016c30                _exit
 *(.gnu.warning.*)
 *(.fini)
                [!provide]                        PROVIDE (__etext, ABSOLUTE (.))
                [!provide]                        PROVIDE (_etext, ABSOLUTE (.))
                [!provide]                        PROVIDE (etext, ABSOLUTE (.))
 *(.eh_frame_hdr)
                0x0000000004016c64                . = ALIGN (0x4)
                [!provide]                        PROVIDE (__preinit_array_start, ABSOLUTE (.))
 *(.preinit_array)
                [!provide]                        PROVIDE (__preinit_array_end, ABSOLUTE (.))
                [!provide]                        PROVIDE (__init_array_start, ABSOLUTE (.))
 *(.init_array)
                [!provide]                        PROVIDE (__init_array_end, ABSOLUTE (.))
                [!provide]                        PROVIDE (__fini_array_start, ABSOLUTE (.))
 *(.fini_array)
                [!provide]                        PROVIDE (__fini_array_end, ABSOLUTE (.))
 *(.eh_frame)
 *(.gcc_except_table .gcc_except_table.*)
 *(.dynamic)
                0x0000000004016c64                PROVIDE (__CTOR_LIST__, ABSOLUTE (.))
 *(.ctors)
 *(SORT(.ctors.*))
                0x0000000004016c64                PROVIDE (__CTOR_END__, ABSOLUTE (.))
                0x0000000004016c64                PROVIDE (__DTOR_LIST__, ABSOLUTE (.))
 *(.dtors)
 *(SORT(.dtors.*))
                0x0000000004016c64                PROVIDE (__DTOR_END__, ABSOLUTE (.))
 *(.jcr)
                0x0000000004016c64                . = ALIGN (0x4)

.rodata         0x0000000004016c64       0xcc
                0x0000000004016c64                PROVIDE (__ram_rodata_start, ABSOLUTE (.))
                0x0000000004016c64                . = ALIGN (0x4)
 *(.rodata .rodata.* .gnu.linkonce.r.*)
 .rodata        0x0000000004016c64       0x53 obj/default/audio_demo.o
 *fill*         0x0000000004016cb7        0x1 
 .rodata.str1.4
                0x0000000004016cb8        0x2 c:/intelfpga/18.1/nios2eds/bin/gnu/h-x86_64-mingw32/bin/../lib/gcc/nios2-elf/5.3.0/../../../../../H-x86_64-mingw32/nios2-elf/lib/mno-hw-mul\libc.a(lib_a-impure.o)
 *fill*         0x0000000004016cba        0x2 
 .rodata.str1.4
                0x0000000004016cbc        0x4 c:/intelfpga/18.1/nios2eds/bin/gnu/h-x86_64-mingw32/bin/../lib/gcc/nios2-elf/5.3.0/../../../../../H-x86_64-mingw32/nios2-elf/lib/mno-hw-mul\libc.a(lib_a-puts.o)
                                          0x2 (size before relaxing)
 .rodata        0x0000000004016cc0        0xa ../New_Audio_Filter_bsp/\libhal_bsp.a(alt_dev.o)
 *fill*         0x0000000004016cca        0x2 
 .rodata        0x0000000004016ccc       0x11 ../New_Audio_Filter_bsp/\libhal_bsp.a(alt_main.o)
 *fill*         0x0000000004016cdd        0x3 
 .rodata        0x0000000004016ce0       0x4d ../New_Audio_Filter_bsp/\libhal_bsp.a(alt_sys_init.o)
 *(.rodata1)
                0x0000000004016d30                . = ALIGN (0x4)
 *fill*         0x0000000004016d2d        0x3 
                0x0000000004016d30                PROVIDE (__ram_rodata_end, ABSOLUTE (.))
                0x0000000004016c64                PROVIDE (__flash_rodata_start, LOADADDR (.rodata))

.rwdata         0x0000000004016d30     0x1b50 load address 0x0000000004018880
                0x0000000004016d30                PROVIDE (__ram_rwdata_start, ABSOLUTE (.))
                0x0000000004016d30                . = ALIGN (0x4)
 *(.got.plt)
 *(.got)
 *(.data1)
 *(.data .data.* .gnu.linkonce.d.*)
 .data          0x0000000004016d30        0x0 ../New_Audio_Filter_bsp//obj/HAL/src/crt0.o
 .data          0x0000000004016d30        0x0 obj/default/audio_demo.o
 .data          0x0000000004016d30        0x0 c:/intelfpga/18.1/nios2eds/bin/gnu/h-x86_64-mingw32/bin/../lib/gcc/nios2-elf/5.3.0/../../../../../H-x86_64-mingw32/nios2-elf/lib/mno-hw-mul\libc.a(lib_a-fopen.o)
 .data          0x0000000004016d30        0x0 c:/intelfpga/18.1/nios2eds/bin/gnu/h-x86_64-mingw32/bin/../lib/gcc/nios2-elf/5.3.0/../../../../../H-x86_64-mingw32/nios2-elf/lib/mno-hw-mul\libc.a(lib_a-fread.o)
 .data          0x0000000004016d30        0x0 c:/intelfpga/18.1/nios2eds/bin/gnu/h-x86_64-mingw32/bin/../lib/gcc/nios2-elf/5.3.0/../../../../../H-x86_64-mingw32/nios2-elf/lib/mno-hw-mul\libc.a(lib_a-freer.o)
 .data          0x0000000004016d30        0x0 c:/intelfpga/18.1/nios2eds/bin/gnu/h-x86_64-mingw32/bin/../lib/gcc/nios2-elf/5.3.0/../../../../../H-x86_64-mingw32/nios2-elf/lib/mno-hw-mul\libc.a(lib_a-fseek.o)
 .data          0x0000000004016d30        0x0 c:/intelfpga/18.1/nios2eds/bin/gnu/h-x86_64-mingw32/bin/../lib/gcc/nios2-elf/5.3.0/../../../../../H-x86_64-mingw32/nios2-elf/lib/mno-hw-mul\libc.a(lib_a-fseeko.o)
 .data          0x0000000004016d30        0x0 c:/intelfpga/18.1/nios2eds/bin/gnu/h-x86_64-mingw32/bin/../lib/gcc/nios2-elf/5.3.0/../../../../../H-x86_64-mingw32/nios2-elf/lib/mno-hw-mul\libc.a(lib_a-fstatr.o)
 .data          0x0000000004016d30        0x0 c:/intelfpga/18.1/nios2eds/bin/gnu/h-x86_64-mingw32/bin/../lib/gcc/nios2-elf/5.3.0/../../../../../H-x86_64-mingw32/nios2-elf/lib/mno-hw-mul\libc.a(lib_a-impure.o)
 .data.impure_data
                0x0000000004016d30      0x424 c:/intelfpga/18.1/nios2eds/bin/gnu/h-x86_64-mingw32/bin/../lib/gcc/nios2-elf/5.3.0/../../../../../H-x86_64-mingw32/nios2-elf/lib/mno-hw-mul\libc.a(lib_a-impure.o)
 .data          0x0000000004017154        0x0 c:/intelfpga/18.1/nios2eds/bin/gnu/h-x86_64-mingw32/bin/../lib/gcc/nios2-elf/5.3.0/../../../../../H-x86_64-mingw32/nios2-elf/lib/mno-hw-mul\libc.a(lib_a-int_errno.o)
 .data          0x0000000004017154        0x0 c:/intelfpga/18.1/nios2eds/bin/gnu/h-x86_64-mingw32/bin/../lib/gcc/nios2-elf/5.3.0/../../../../../H-x86_64-mingw32/nios2-elf/lib/mno-hw-mul\libc.a(lib_a-makebuf.o)
 .data          0x0000000004017154        0x0 c:/intelfpga/18.1/nios2eds/bin/gnu/h-x86_64-mingw32/bin/../lib/gcc/nios2-elf/5.3.0/../../../../../H-x86_64-mingw32/nios2-elf/lib/mno-hw-mul\libc.a(lib_a-mallocr.o)
 .data.__malloc_av_
                0x0000000004017154      0x408 c:/intelfpga/18.1/nios2eds/bin/gnu/h-x86_64-mingw32/bin/../lib/gcc/nios2-elf/5.3.0/../../../../../H-x86_64-mingw32/nios2-elf/lib/mno-hw-mul\libc.a(lib_a-mallocr.o)
                0x0000000004017154                __malloc_av_
 .data          0x000000000401755c        0x0 c:/intelfpga/18.1/nios2eds/bin/gnu/h-x86_64-mingw32/bin/../lib/gcc/nios2-elf/5.3.0/../../../../../H-x86_64-mingw32/nios2-elf/lib/mno-hw-mul\libc.a(lib_a-memcpy.o)
 .data          0x000000000401755c        0x0 c:/intelfpga/18.1/nios2eds/bin/gnu/h-x86_64-mingw32/bin/../lib/gcc/nios2-elf/5.3.0/../../../../../H-x86_64-mingw32/nios2-elf/lib/mno-hw-mul\libc.a(lib_a-memset.o)
 .data          0x000000000401755c        0x0 c:/intelfpga/18.1/nios2eds/bin/gnu/h-x86_64-mingw32/bin/../lib/gcc/nios2-elf/5.3.0/../../../../../H-x86_64-mingw32/nios2-elf/lib/mno-hw-mul\libc.a(lib_a-openr.o)
 .data          0x000000000401755c        0x0 c:/intelfpga/18.1/nios2eds/bin/gnu/h-x86_64-mingw32/bin/../lib/gcc/nios2-elf/5.3.0/../../../../../H-x86_64-mingw32/nios2-elf/lib/mno-hw-mul\libc.a(lib_a-puts.o)
 .data          0x000000000401755c        0x0 c:/intelfpga/18.1/nios2eds/bin/gnu/h-x86_64-mingw32/bin/../lib/gcc/nios2-elf/5.3.0/../../../../../H-x86_64-mingw32/nios2-elf/lib/mno-hw-mul\libc.a(lib_a-refill.o)
 .data          0x000000000401755c        0x0 c:/intelfpga/18.1/nios2eds/bin/gnu/h-x86_64-mingw32/bin/../lib/gcc/nios2-elf/5.3.0/../../../../../H-x86_64-mingw32/nios2-elf/lib/mno-hw-mul\libc.a(lib_a-sbrkr.o)
 .data          0x000000000401755c        0x0 c:/intelfpga/18.1/nios2eds/bin/gnu/h-x86_64-mingw32/bin/../lib/gcc/nios2-elf/5.3.0/../../../../../H-x86_64-mingw32/nios2-elf/lib/mno-hw-mul\libc.a(lib_a-stdio.o)
 .data          0x000000000401755c        0x0 c:/intelfpga/18.1/nios2eds/bin/gnu/h-x86_64-mingw32/bin/../lib/gcc/nios2-elf/5.3.0/../../../../../H-x86_64-mingw32/nios2-elf/lib/mno-hw-mul\libc.a(lib_a-strlen.o)
 .data          0x000000000401755c        0x0 c:/intelfpga/18.1/nios2eds/bin/gnu/h-x86_64-mingw32/bin/../lib/gcc/nios2-elf/5.3.0/../../../../../H-x86_64-mingw32/nios2-elf/lib/mno-hw-mul\libc.a(lib_a-writer.o)
 .data          0x000000000401755c        0x0 c:/intelfpga/18.1/nios2eds/bin/gnu/h-x86_64-mingw32/bin/../lib/gcc/nios2-elf/5.3.0/../../../../../H-x86_64-mingw32/nios2-elf/lib/mno-hw-mul\libc.a(closer.o)
 .data          0x000000000401755c        0x0 c:/intelfpga/18.1/nios2eds/bin/gnu/h-x86_64-mingw32/bin/../lib/gcc/nios2-elf/5.3.0/../../../../../H-x86_64-mingw32/nios2-elf/lib/mno-hw-mul\libc.a(lib_a-fflush.o)
 .data          0x000000000401755c        0x0 c:/intelfpga/18.1/nios2eds/bin/gnu/h-x86_64-mingw32/bin/../lib/gcc/nios2-elf/5.3.0/../../../../../H-x86_64-mingw32/nios2-elf/lib/mno-hw-mul\libc.a(lib_a-findfp.o)
 .data          0x000000000401755c        0x0 c:/intelfpga/18.1/nios2eds/bin/gnu/h-x86_64-mingw32/bin/../lib/gcc/nios2-elf/5.3.0/../../../../../H-x86_64-mingw32/nios2-elf/lib/mno-hw-mul\libc.a(lib_a-flags.o)
 .data          0x000000000401755c        0x0 c:/intelfpga/18.1/nios2eds/bin/gnu/h-x86_64-mingw32/bin/../lib/gcc/nios2-elf/5.3.0/../../../../../H-x86_64-mingw32/nios2-elf/lib/mno-hw-mul\libc.a(lib_a-fvwrite.o)
 .data          0x000000000401755c        0x0 c:/intelfpga/18.1/nios2eds/bin/gnu/h-x86_64-mingw32/bin/../lib/gcc/nios2-elf/5.3.0/../../../../../H-x86_64-mingw32/nios2-elf/lib/mno-hw-mul\libc.a(lib_a-fwalk.o)
 .data          0x000000000401755c        0x0 c:/intelfpga/18.1/nios2eds/bin/gnu/h-x86_64-mingw32/bin/../lib/gcc/nios2-elf/5.3.0/../../../../../H-x86_64-mingw32/nios2-elf/lib/mno-hw-mul\libc.a(lib_a-isattyr.o)
 .data          0x000000000401755c        0x0 c:/intelfpga/18.1/nios2eds/bin/gnu/h-x86_64-mingw32/bin/../lib/gcc/nios2-elf/5.3.0/../../../../../H-x86_64-mingw32/nios2-elf/lib/mno-hw-mul\libc.a(lib_a-lseekr.o)
 .data          0x000000000401755c        0x0 c:/intelfpga/18.1/nios2eds/bin/gnu/h-x86_64-mingw32/bin/../lib/gcc/nios2-elf/5.3.0/../../../../../H-x86_64-mingw32/nios2-elf/lib/mno-hw-mul\libc.a(lib_a-memchr.o)
 .data          0x000000000401755c        0x0 c:/intelfpga/18.1/nios2eds/bin/gnu/h-x86_64-mingw32/bin/../lib/gcc/nios2-elf/5.3.0/../../../../../H-x86_64-mingw32/nios2-elf/lib/mno-hw-mul\libc.a(lib_a-memmove.o)
 .data          0x000000000401755c        0x0 c:/intelfpga/18.1/nios2eds/bin/gnu/h-x86_64-mingw32/bin/../lib/gcc/nios2-elf/5.3.0/../../../../../H-x86_64-mingw32/nios2-elf/lib/mno-hw-mul\libc.a(lib_a-readr.o)
 .data          0x000000000401755c        0x0 c:/intelfpga/18.1/nios2eds/bin/gnu/h-x86_64-mingw32/bin/../lib/gcc/nios2-elf/5.3.0/../../../../../H-x86_64-mingw32/nios2-elf/lib/mno-hw-mul\libc.a(lib_a-reallocr.o)
 .data          0x000000000401755c        0x0 c:/intelfpga/18.1/nios2eds/bin/gnu/h-x86_64-mingw32/bin/../lib/gcc/nios2-elf/5.3.0/../../../../../H-x86_64-mingw32/nios2-elf/lib/mno-hw-mul\libc.a(lib_a-wsetup.o)
 .data          0x000000000401755c        0x0 c:/intelfpga/18.1/nios2eds/bin/gnu/h-x86_64-mingw32/bin/../lib/gcc/nios2-elf/5.3.0/../../../../../H-x86_64-mingw32/nios2-elf/lib/mno-hw-mul\libc.a(lib_a-fclose.o)
 .data          0x000000000401755c        0x0 c:/intelfpga/18.1/nios2eds/bin/gnu/h-x86_64-mingw32/bin/../lib/gcc/nios2-elf/5.3.0/mno-hw-mul\libgcc.a(lib2-divmod.o)
 .data          0x000000000401755c        0x0 c:/intelfpga/18.1/nios2eds/bin/gnu/h-x86_64-mingw32/bin/../lib/gcc/nios2-elf/5.3.0/mno-hw-mul\libgcc.a(lib2-mul.o)
 .data          0x000000000401755c        0x0 ../New_Audio_Filter_bsp/\libhal_bsp.a(alt_close.o)
 .data          0x000000000401755c      0x1a8 ../New_Audio_Filter_bsp/\libhal_bsp.a(alt_dev.o)
                0x000000000401755c                alt_dev_null
                0x0000000004017584                alt_fd_list
 .data          0x0000000004017704        0x0 ../New_Audio_Filter_bsp/\libhal_bsp.a(alt_errno.o)
 .data          0x0000000004017704        0x0 ../New_Audio_Filter_bsp/\libhal_bsp.a(alt_fstat.o)
 .data          0x0000000004017704        0x0 ../New_Audio_Filter_bsp/\libhal_bsp.a(alt_iic.o)
 .data          0x0000000004017704        0x0 ../New_Audio_Filter_bsp/\libhal_bsp.a(alt_iic_isr_register.o)
 .data          0x0000000004017704        0x0 ../New_Audio_Filter_bsp/\libhal_bsp.a(alt_irq_entry.o)
 .data          0x0000000004017704        0x0 ../New_Audio_Filter_bsp/\libhal_bsp.a(alt_irq_handler.o)
 .data          0x0000000004017704        0x0 ../New_Audio_Filter_bsp/\libhal_bsp.a(alt_irq_vars.o)
 .data          0x0000000004017704        0x0 ../New_Audio_Filter_bsp/\libhal_bsp.a(alt_isatty.o)
 .data          0x0000000004017704        0x0 ../New_Audio_Filter_bsp/\libhal_bsp.a(alt_load.o)
 .data          0x0000000004017704        0x0 ../New_Audio_Filter_bsp/\libhal_bsp.a(alt_lseek.o)
 .data          0x0000000004017704        0x0 ../New_Audio_Filter_bsp/\libhal_bsp.a(alt_main.o)
 .data          0x0000000004017704        0x0 ../New_Audio_Filter_bsp/\libhal_bsp.a(alt_malloc_lock.o)
 .data          0x0000000004017704        0x0 ../New_Audio_Filter_bsp/\libhal_bsp.a(alt_open.o)
 .data          0x0000000004017704        0x0 ../New_Audio_Filter_bsp/\libhal_bsp.a(alt_read.o)
 .data          0x0000000004017704        0x0 ../New_Audio_Filter_bsp/\libhal_bsp.a(alt_release_fd.o)
 .data          0x0000000004017704        0x0 ../New_Audio_Filter_bsp/\libhal_bsp.a(alt_sbrk.o)
 .data          0x0000000004017704        0x0 ../New_Audio_Filter_bsp/\libhal_bsp.a(alt_write.o)
 .data          0x0000000004017704     0x10e8 ../New_Audio_Filter_bsp/\libhal_bsp.a(alt_sys_init.o)
 .data          0x00000000040187ec        0x0 ../New_Audio_Filter_bsp/\libhal_bsp.a(altera_avalon_jtag_uart_fd.o)
 .data          0x00000000040187ec        0x0 ../New_Audio_Filter_bsp/\libhal_bsp.a(altera_avalon_jtag_uart_init.o)
 .data          0x00000000040187ec        0x0 ../New_Audio_Filter_bsp/\libhal_bsp.a(altera_avalon_jtag_uart_ioctl.o)
 .data          0x00000000040187ec        0x0 ../New_Audio_Filter_bsp/\libhal_bsp.a(altera_avalon_jtag_uart_read.o)
 .data          0x00000000040187ec        0x0 ../New_Audio_Filter_bsp/\libhal_bsp.a(altera_avalon_jtag_uart_write.o)
 .data          0x00000000040187ec        0x0 ../New_Audio_Filter_bsp/\libhal_bsp.a(altera_avalon_timer_sc.o)
 .data          0x00000000040187ec        0x0 ../New_Audio_Filter_bsp/\libhal_bsp.a(altera_hostfs.o)
 .data          0x00000000040187ec        0x0 ../New_Audio_Filter_bsp/\libhal_bsp.a(alt_alarm_start.o)
 .data          0x00000000040187ec        0x0 ../New_Audio_Filter_bsp/\libhal_bsp.a(alt_dcache_flush_all.o)
 .data          0x00000000040187ec        0x0 ../New_Audio_Filter_bsp/\libhal_bsp.a(alt_dev_llist_insert.o)
 .data          0x00000000040187ec        0x0 ../New_Audio_Filter_bsp/\libhal_bsp.a(alt_do_ctors.o)
 .data          0x00000000040187ec        0x0 ../New_Audio_Filter_bsp/\libhal_bsp.a(alt_do_dtors.o)
 .data          0x00000000040187ec        0x0 ../New_Audio_Filter_bsp/\libhal_bsp.a(alt_exception_entry.o)
 .data          0x00000000040187ec        0x0 ../New_Audio_Filter_bsp/\libhal_bsp.a(alt_find_dev.o)
 .data          0x00000000040187ec        0x0 ../New_Audio_Filter_bsp/\libhal_bsp.a(alt_find_file.o)
 .data          0x00000000040187ec        0x0 ../New_Audio_Filter_bsp/\libhal_bsp.a(alt_fs_reg.o)
 .data          0x00000000040187ec        0x0 ../New_Audio_Filter_bsp/\libhal_bsp.a(alt_get_fd.o)
 .data          0x00000000040187ec        0x0 ../New_Audio_Filter_bsp/\libhal_bsp.a(alt_icache_flush_all.o)
 .data          0x00000000040187ec        0x0 ../New_Audio_Filter_bsp/\libhal_bsp.a(alt_instruction_exception_entry.o)
 .data          0x00000000040187ec        0x0 ../New_Audio_Filter_bsp/\libhal_bsp.a(alt_io_redirect.o)
 .data          0x00000000040187ec        0x0 ../New_Audio_Filter_bsp/\libhal_bsp.a(alt_tick.o)
 .data          0x00000000040187ec        0x0 ../New_Audio_Filter_bsp/\libhal_bsp.a(altera_nios2_gen2_irq.o)
 .data          0x00000000040187ec        0x0 c:/intelfpga/18.1/nios2eds/bin/gnu/h-x86_64-mingw32/bin/../lib/gcc/nios2-elf/5.3.0/../../../../../H-x86_64-mingw32/nios2-elf/lib/mno-hw-mul\libc.a(lib_a-atexit.o)
 .data          0x00000000040187ec        0x0 c:/intelfpga/18.1/nios2eds/bin/gnu/h-x86_64-mingw32/bin/../lib/gcc/nios2-elf/5.3.0/../../../../../H-x86_64-mingw32/nios2-elf/lib/mno-hw-mul\libc.a(lib_a-exit.o)
 .data          0x00000000040187ec        0x0 c:/intelfpga/18.1/nios2eds/bin/gnu/h-x86_64-mingw32/bin/../lib/gcc/nios2-elf/5.3.0/../../../../../H-x86_64-mingw32/nios2-elf/lib/mno-hw-mul\libc.a(lib_a-memcmp.o)
 .data          0x00000000040187ec        0x0 c:/intelfpga/18.1/nios2eds/bin/gnu/h-x86_64-mingw32/bin/../lib/gcc/nios2-elf/5.3.0/../../../../../H-x86_64-mingw32/nios2-elf/lib/mno-hw-mul\libc.a(lib_a-__atexit.o)
 .data          0x00000000040187ec        0x0 c:/intelfpga/18.1/nios2eds/bin/gnu/h-x86_64-mingw32/bin/../lib/gcc/nios2-elf/5.3.0/../../../../../H-x86_64-mingw32/nios2-elf/lib/mno-hw-mul\libc.a(lib_a-__call_atexit.o)
 .data          0x00000000040187ec        0x0 ../New_Audio_Filter_bsp/\libhal_bsp.a(alt_exit.o)
                0x00000000040207ec                _gp = ABSOLUTE ((. + 0x8000))
                [!provide]                        PROVIDE (gp, _gp)
 *(.rwdata .rwdata.*)
 *(.sdata .sdata.* .gnu.linkonce.s.*)
 .sdata         0x00000000040187ec       0x14 obj/default/audio_demo.o
                0x00000000040187ec                AudioPtr
                0x00000000040187f0                TimerPtr
                0x00000000040187f4                PinPtr
                0x00000000040187f8                SwitchesPtr
                0x00000000040187fc                FilterPtr
 .sdata._global_impure_ptr
                0x0000000004018800        0x4 c:/intelfpga/18.1/nios2eds/bin/gnu/h-x86_64-mingw32/bin/../lib/gcc/nios2-elf/5.3.0/../../../../../H-x86_64-mingw32/nios2-elf/lib/mno-hw-mul\libc.a(lib_a-impure.o)
                0x0000000004018800                _global_impure_ptr
 .sdata._impure_ptr
                0x0000000004018804        0x4 c:/intelfpga/18.1/nios2eds/bin/gnu/h-x86_64-mingw32/bin/../lib/gcc/nios2-elf/5.3.0/../../../../../H-x86_64-mingw32/nios2-elf/lib/mno-hw-mul\libc.a(lib_a-impure.o)
                0x0000000004018804                _impure_ptr
 .sdata.__malloc_sbrk_base
                0x0000000004018808        0x4 c:/intelfpga/18.1/nios2eds/bin/gnu/h-x86_64-mingw32/bin/../lib/gcc/nios2-elf/5.3.0/../../../../../H-x86_64-mingw32/nios2-elf/lib/mno-hw-mul\libc.a(lib_a-mallocr.o)
                0x0000000004018808                __malloc_sbrk_base
 .sdata.__malloc_trim_threshold
                0x000000000401880c        0x4 c:/intelfpga/18.1/nios2eds/bin/gnu/h-x86_64-mingw32/bin/../lib/gcc/nios2-elf/5.3.0/../../../../../H-x86_64-mingw32/nios2-elf/lib/mno-hw-mul\libc.a(lib_a-mallocr.o)
                0x000000000401880c                __malloc_trim_threshold
 .sdata         0x0000000004018810       0x14 ../New_Audio_Filter_bsp/\libhal_bsp.a(alt_dev.o)
                0x0000000004018810                alt_fs_list
                0x0000000004018818                alt_dev_list
                0x0000000004018820                alt_max_fd
 .sdata         0x0000000004018824        0x4 ../New_Audio_Filter_bsp/\libhal_bsp.a(alt_errno.o)
                0x0000000004018824                alt_errno
 .sdata         0x0000000004018828        0x4 ../New_Audio_Filter_bsp/\libhal_bsp.a(alt_irq_vars.o)
                0x0000000004018828                alt_priority_mask
 .sdata         0x000000000401882c        0x4 ../New_Audio_Filter_bsp/\libhal_bsp.a(alt_sbrk.o)
 .sdata         0x0000000004018830       0x46 ../New_Audio_Filter_bsp/\libhal_bsp.a(altera_hostfs.o)
 *fill*         0x0000000004018876        0x2 
 .sdata         0x0000000004018878        0x8 ../New_Audio_Filter_bsp/\libhal_bsp.a(alt_tick.o)
                0x0000000004018878                alt_alarm_list
 *(.sdata2 .sdata2.* .gnu.linkonce.s2.*)
                0x0000000004018880                . = ALIGN (0x4)
                0x0000000004018880                _edata = ABSOLUTE (.)
                [!provide]                        PROVIDE (edata, ABSOLUTE (.))
                0x0000000004018880                PROVIDE (__ram_rwdata_end, ABSOLUTE (.))
                0x0000000004018880                PROVIDE (__flash_rwdata_start, LOADADDR (.rwdata))

.bss            0x000000000401a3d0      0x168
                0x000000000401a3d0                __bss_start = ABSOLUTE (.)
                [!provide]                        PROVIDE (__sbss_start, ABSOLUTE (.))
                [!provide]                        PROVIDE (___sbss_start, ABSOLUTE (.))
 *(.dynsbss)
 *(.sbss .sbss.* .gnu.linkonce.sb.*)
 .sbss          0x000000000401a3d0       0x14 obj/default/audio_demo.o
                0x000000000401a3d0                ECHO_CNT
                0x000000000401a3d4                SAMPLE_CNT
                0x000000000401a3d8                CHANNELS
                0x000000000401a3dc                TOGGLE
                0x000000000401a3e0                SdramPtr
 .sbss          0x000000000401a3e4        0x4 c:/intelfpga/18.1/nios2eds/bin/gnu/h-x86_64-mingw32/bin/../lib/gcc/nios2-elf/5.3.0/../../../../../H-x86_64-mingw32/nios2-elf/lib/mno-hw-mul\libc.a(lib_a-int_errno.o)
                0x000000000401a3e4                errno
 .sbss.__malloc_max_total_mem
                0x000000000401a3e8        0x4 c:/intelfpga/18.1/nios2eds/bin/gnu/h-x86_64-mingw32/bin/../lib/gcc/nios2-elf/5.3.0/../../../../../H-x86_64-mingw32/nios2-elf/lib/mno-hw-mul\libc.a(lib_a-mallocr.o)
                0x000000000401a3e8                __malloc_max_total_mem
 .sbss.__malloc_max_sbrked_mem
                0x000000000401a3ec        0x4 c:/intelfpga/18.1/nios2eds/bin/gnu/h-x86_64-mingw32/bin/../lib/gcc/nios2-elf/5.3.0/../../../../../H-x86_64-mingw32/nios2-elf/lib/mno-hw-mul\libc.a(lib_a-mallocr.o)
                0x000000000401a3ec                __malloc_max_sbrked_mem
 .sbss.__malloc_top_pad
                0x000000000401a3f0        0x4 c:/intelfpga/18.1/nios2eds/bin/gnu/h-x86_64-mingw32/bin/../lib/gcc/nios2-elf/5.3.0/../../../../../H-x86_64-mingw32/nios2-elf/lib/mno-hw-mul\libc.a(lib_a-mallocr.o)
                0x000000000401a3f0                __malloc_top_pad
 .sbss          0x000000000401a3f4        0x4 ../New_Audio_Filter_bsp/\libhal_bsp.a(alt_irq_vars.o)
                0x000000000401a3f4                alt_irq_active
 .sbss          0x000000000401a3f8        0xc ../New_Audio_Filter_bsp/\libhal_bsp.a(alt_main.o)
                0x000000000401a3f8                alt_argc
                0x000000000401a3fc                alt_argv
                0x000000000401a400                alt_envp
 .sbss          0x000000000401a404        0x4 ../New_Audio_Filter_bsp/\libhal_bsp.a(alt_instruction_exception_entry.o)
                0x000000000401a404                alt_instruction_exception_handler
 .sbss          0x000000000401a408        0x8 ../New_Audio_Filter_bsp/\libhal_bsp.a(alt_tick.o)
                0x000000000401a408                _alt_tick_rate
                0x000000000401a40c                _alt_nticks
 *(.sbss2 .sbss2.* .gnu.linkonce.sb2.*)
 *(.scommon)
                [!provide]                        PROVIDE (__sbss_end, ABSOLUTE (.))
                [!provide]                        PROVIDE (___sbss_end, ABSOLUTE (.))
 *(.dynbss)
 *(.bss .bss.* .gnu.linkonce.b.*)
 .bss           0x000000000401a410        0x0 ../New_Audio_Filter_bsp//obj/HAL/src/crt0.o
 .bss           0x000000000401a410        0x0 obj/default/audio_demo.o
 .bss           0x000000000401a410        0x0 c:/intelfpga/18.1/nios2eds/bin/gnu/h-x86_64-mingw32/bin/../lib/gcc/nios2-elf/5.3.0/../../../../../H-x86_64-mingw32/nios2-elf/lib/mno-hw-mul\libc.a(lib_a-fopen.o)
 .bss           0x000000000401a410        0x0 c:/intelfpga/18.1/nios2eds/bin/gnu/h-x86_64-mingw32/bin/../lib/gcc/nios2-elf/5.3.0/../../../../../H-x86_64-mingw32/nios2-elf/lib/mno-hw-mul\libc.a(lib_a-fread.o)
 .bss           0x000000000401a410        0x0 c:/intelfpga/18.1/nios2eds/bin/gnu/h-x86_64-mingw32/bin/../lib/gcc/nios2-elf/5.3.0/../../../../../H-x86_64-mingw32/nios2-elf/lib/mno-hw-mul\libc.a(lib_a-freer.o)
 .bss           0x000000000401a410        0x0 c:/intelfpga/18.1/nios2eds/bin/gnu/h-x86_64-mingw32/bin/../lib/gcc/nios2-elf/5.3.0/../../../../../H-x86_64-mingw32/nios2-elf/lib/mno-hw-mul\libc.a(lib_a-fseek.o)
 .bss           0x000000000401a410        0x0 c:/intelfpga/18.1/nios2eds/bin/gnu/h-x86_64-mingw32/bin/../lib/gcc/nios2-elf/5.3.0/../../../../../H-x86_64-mingw32/nios2-elf/lib/mno-hw-mul\libc.a(lib_a-fseeko.o)
 .bss           0x000000000401a410        0x0 c:/intelfpga/18.1/nios2eds/bin/gnu/h-x86_64-mingw32/bin/../lib/gcc/nios2-elf/5.3.0/../../../../../H-x86_64-mingw32/nios2-elf/lib/mno-hw-mul\libc.a(lib_a-fstatr.o)
 .bss           0x000000000401a410        0x0 c:/intelfpga/18.1/nios2eds/bin/gnu/h-x86_64-mingw32/bin/../lib/gcc/nios2-elf/5.3.0/../../../../../H-x86_64-mingw32/nios2-elf/lib/mno-hw-mul\libc.a(lib_a-impure.o)
 .bss           0x000000000401a410        0x0 c:/intelfpga/18.1/nios2eds/bin/gnu/h-x86_64-mingw32/bin/../lib/gcc/nios2-elf/5.3.0/../../../../../H-x86_64-mingw32/nios2-elf/lib/mno-hw-mul\libc.a(lib_a-int_errno.o)
 .bss           0x000000000401a410        0x0 c:/intelfpga/18.1/nios2eds/bin/gnu/h-x86_64-mingw32/bin/../lib/gcc/nios2-elf/5.3.0/../../../../../H-x86_64-mingw32/nios2-elf/lib/mno-hw-mul\libc.a(lib_a-makebuf.o)
 .bss           0x000000000401a410        0x0 c:/intelfpga/18.1/nios2eds/bin/gnu/h-x86_64-mingw32/bin/../lib/gcc/nios2-elf/5.3.0/../../../../../H-x86_64-mingw32/nios2-elf/lib/mno-hw-mul\libc.a(lib_a-mallocr.o)
 .bss.__malloc_current_mallinfo
                0x000000000401a410       0x28 c:/intelfpga/18.1/nios2eds/bin/gnu/h-x86_64-mingw32/bin/../lib/gcc/nios2-elf/5.3.0/../../../../../H-x86_64-mingw32/nios2-elf/lib/mno-hw-mul\libc.a(lib_a-mallocr.o)
                0x000000000401a410                __malloc_current_mallinfo
 .bss           0x000000000401a438        0x0 c:/intelfpga/18.1/nios2eds/bin/gnu/h-x86_64-mingw32/bin/../lib/gcc/nios2-elf/5.3.0/../../../../../H-x86_64-mingw32/nios2-elf/lib/mno-hw-mul\libc.a(lib_a-memcpy.o)
 .bss           0x000000000401a438        0x0 c:/intelfpga/18.1/nios2eds/bin/gnu/h-x86_64-mingw32/bin/../lib/gcc/nios2-elf/5.3.0/../../../../../H-x86_64-mingw32/nios2-elf/lib/mno-hw-mul\libc.a(lib_a-memset.o)
 .bss           0x000000000401a438        0x0 c:/intelfpga/18.1/nios2eds/bin/gnu/h-x86_64-mingw32/bin/../lib/gcc/nios2-elf/5.3.0/../../../../../H-x86_64-mingw32/nios2-elf/lib/mno-hw-mul\libc.a(lib_a-openr.o)
 .bss           0x000000000401a438        0x0 c:/intelfpga/18.1/nios2eds/bin/gnu/h-x86_64-mingw32/bin/../lib/gcc/nios2-elf/5.3.0/../../../../../H-x86_64-mingw32/nios2-elf/lib/mno-hw-mul\libc.a(lib_a-puts.o)
 .bss           0x000000000401a438        0x0 c:/intelfpga/18.1/nios2eds/bin/gnu/h-x86_64-mingw32/bin/../lib/gcc/nios2-elf/5.3.0/../../../../../H-x86_64-mingw32/nios2-elf/lib/mno-hw-mul\libc.a(lib_a-refill.o)
 .bss           0x000000000401a438        0x0 c:/intelfpga/18.1/nios2eds/bin/gnu/h-x86_64-mingw32/bin/../lib/gcc/nios2-elf/5.3.0/../../../../../H-x86_64-mingw32/nios2-elf/lib/mno-hw-mul\libc.a(lib_a-sbrkr.o)
 .bss           0x000000000401a438        0x0 c:/intelfpga/18.1/nios2eds/bin/gnu/h-x86_64-mingw32/bin/../lib/gcc/nios2-elf/5.3.0/../../../../../H-x86_64-mingw32/nios2-elf/lib/mno-hw-mul\libc.a(lib_a-stdio.o)
 .bss           0x000000000401a438        0x0 c:/intelfpga/18.1/nios2eds/bin/gnu/h-x86_64-mingw32/bin/../lib/gcc/nios2-elf/5.3.0/../../../../../H-x86_64-mingw32/nios2-elf/lib/mno-hw-mul\libc.a(lib_a-strlen.o)
 .bss           0x000000000401a438        0x0 c:/intelfpga/18.1/nios2eds/bin/gnu/h-x86_64-mingw32/bin/../lib/gcc/nios2-elf/5.3.0/../../../../../H-x86_64-mingw32/nios2-elf/lib/mno-hw-mul\libc.a(lib_a-writer.o)
 .bss           0x000000000401a438        0x0 c:/intelfpga/18.1/nios2eds/bin/gnu/h-x86_64-mingw32/bin/../lib/gcc/nios2-elf/5.3.0/../../../../../H-x86_64-mingw32/nios2-elf/lib/mno-hw-mul\libc.a(closer.o)
 .bss           0x000000000401a438        0x0 c:/intelfpga/18.1/nios2eds/bin/gnu/h-x86_64-mingw32/bin/../lib/gcc/nios2-elf/5.3.0/../../../../../H-x86_64-mingw32/nios2-elf/lib/mno-hw-mul\libc.a(lib_a-fflush.o)
 .bss           0x000000000401a438        0x0 c:/intelfpga/18.1/nios2eds/bin/gnu/h-x86_64-mingw32/bin/../lib/gcc/nios2-elf/5.3.0/../../../../../H-x86_64-mingw32/nios2-elf/lib/mno-hw-mul\libc.a(lib_a-findfp.o)
 .bss           0x000000000401a438        0x0 c:/intelfpga/18.1/nios2eds/bin/gnu/h-x86_64-mingw32/bin/../lib/gcc/nios2-elf/5.3.0/../../../../../H-x86_64-mingw32/nios2-elf/lib/mno-hw-mul\libc.a(lib_a-flags.o)
 .bss           0x000000000401a438        0x0 c:/intelfpga/18.1/nios2eds/bin/gnu/h-x86_64-mingw32/bin/../lib/gcc/nios2-elf/5.3.0/../../../../../H-x86_64-mingw32/nios2-elf/lib/mno-hw-mul\libc.a(lib_a-fvwrite.o)
 .bss           0x000000000401a438        0x0 c:/intelfpga/18.1/nios2eds/bin/gnu/h-x86_64-mingw32/bin/../lib/gcc/nios2-elf/5.3.0/../../../../../H-x86_64-mingw32/nios2-elf/lib/mno-hw-mul\libc.a(lib_a-fwalk.o)
 .bss           0x000000000401a438        0x0 c:/intelfpga/18.1/nios2eds/bin/gnu/h-x86_64-mingw32/bin/../lib/gcc/nios2-elf/5.3.0/../../../../../H-x86_64-mingw32/nios2-elf/lib/mno-hw-mul\libc.a(lib_a-isattyr.o)
 .bss           0x000000000401a438        0x0 c:/intelfpga/18.1/nios2eds/bin/gnu/h-x86_64-mingw32/bin/../lib/gcc/nios2-elf/5.3.0/../../../../../H-x86_64-mingw32/nios2-elf/lib/mno-hw-mul\libc.a(lib_a-lseekr.o)
 .bss           0x000000000401a438        0x0 c:/intelfpga/18.1/nios2eds/bin/gnu/h-x86_64-mingw32/bin/../lib/gcc/nios2-elf/5.3.0/../../../../../H-x86_64-mingw32/nios2-elf/lib/mno-hw-mul\libc.a(lib_a-memchr.o)
 .bss           0x000000000401a438        0x0 c:/intelfpga/18.1/nios2eds/bin/gnu/h-x86_64-mingw32/bin/../lib/gcc/nios2-elf/5.3.0/../../../../../H-x86_64-mingw32/nios2-elf/lib/mno-hw-mul\libc.a(lib_a-memmove.o)
 .bss           0x000000000401a438        0x0 c:/intelfpga/18.1/nios2eds/bin/gnu/h-x86_64-mingw32/bin/../lib/gcc/nios2-elf/5.3.0/../../../../../H-x86_64-mingw32/nios2-elf/lib/mno-hw-mul\libc.a(lib_a-readr.o)
 .bss           0x000000000401a438        0x0 c:/intelfpga/18.1/nios2eds/bin/gnu/h-x86_64-mingw32/bin/../lib/gcc/nios2-elf/5.3.0/../../../../../H-x86_64-mingw32/nios2-elf/lib/mno-hw-mul\libc.a(lib_a-reallocr.o)
 .bss           0x000000000401a438        0x0 c:/intelfpga/18.1/nios2eds/bin/gnu/h-x86_64-mingw32/bin/../lib/gcc/nios2-elf/5.3.0/../../../../../H-x86_64-mingw32/nios2-elf/lib/mno-hw-mul\libc.a(lib_a-wsetup.o)
 .bss           0x000000000401a438        0x0 c:/intelfpga/18.1/nios2eds/bin/gnu/h-x86_64-mingw32/bin/../lib/gcc/nios2-elf/5.3.0/../../../../../H-x86_64-mingw32/nios2-elf/lib/mno-hw-mul\libc.a(lib_a-fclose.o)
 .bss           0x000000000401a438        0x0 c:/intelfpga/18.1/nios2eds/bin/gnu/h-x86_64-mingw32/bin/../lib/gcc/nios2-elf/5.3.0/mno-hw-mul\libgcc.a(lib2-divmod.o)
 .bss           0x000000000401a438        0x0 c:/intelfpga/18.1/nios2eds/bin/gnu/h-x86_64-mingw32/bin/../lib/gcc/nios2-elf/5.3.0/mno-hw-mul\libgcc.a(lib2-mul.o)
 .bss           0x000000000401a438        0x0 ../New_Audio_Filter_bsp/\libhal_bsp.a(alt_close.o)
 .bss           0x000000000401a438        0x0 ../New_Audio_Filter_bsp/\libhal_bsp.a(alt_dev.o)
 .bss           0x000000000401a438        0x0 ../New_Audio_Filter_bsp/\libhal_bsp.a(alt_errno.o)
 .bss           0x000000000401a438        0x0 ../New_Audio_Filter_bsp/\libhal_bsp.a(alt_fstat.o)
 .bss           0x000000000401a438        0x0 ../New_Audio_Filter_bsp/\libhal_bsp.a(alt_iic.o)
 .bss           0x000000000401a438        0x0 ../New_Audio_Filter_bsp/\libhal_bsp.a(alt_iic_isr_register.o)
 .bss           0x000000000401a438        0x0 ../New_Audio_Filter_bsp/\libhal_bsp.a(alt_irq_entry.o)
 .bss           0x000000000401a438        0x0 ../New_Audio_Filter_bsp/\libhal_bsp.a(alt_irq_handler.o)
 .bss           0x000000000401a438        0x0 ../New_Audio_Filter_bsp/\libhal_bsp.a(alt_irq_vars.o)
 .bss           0x000000000401a438        0x0 ../New_Audio_Filter_bsp/\libhal_bsp.a(alt_isatty.o)
 .bss           0x000000000401a438        0x0 ../New_Audio_Filter_bsp/\libhal_bsp.a(alt_load.o)
 .bss           0x000000000401a438        0x0 ../New_Audio_Filter_bsp/\libhal_bsp.a(alt_lseek.o)
 .bss           0x000000000401a438        0x0 ../New_Audio_Filter_bsp/\libhal_bsp.a(alt_main.o)
 .bss           0x000000000401a438        0x0 ../New_Audio_Filter_bsp/\libhal_bsp.a(alt_malloc_lock.o)
 .bss           0x000000000401a438        0x0 ../New_Audio_Filter_bsp/\libhal_bsp.a(alt_open.o)
 .bss           0x000000000401a438        0x0 ../New_Audio_Filter_bsp/\libhal_bsp.a(alt_read.o)
 .bss           0x000000000401a438        0x0 ../New_Audio_Filter_bsp/\libhal_bsp.a(alt_release_fd.o)
 .bss           0x000000000401a438        0x0 ../New_Audio_Filter_bsp/\libhal_bsp.a(alt_sbrk.o)
 .bss           0x000000000401a438        0x0 ../New_Audio_Filter_bsp/\libhal_bsp.a(alt_write.o)
 .bss           0x000000000401a438        0x0 ../New_Audio_Filter_bsp/\libhal_bsp.a(alt_sys_init.o)
 .bss           0x000000000401a438        0x0 ../New_Audio_Filter_bsp/\libhal_bsp.a(altera_avalon_jtag_uart_fd.o)
 .bss           0x000000000401a438        0x0 ../New_Audio_Filter_bsp/\libhal_bsp.a(altera_avalon_jtag_uart_init.o)
 .bss           0x000000000401a438        0x0 ../New_Audio_Filter_bsp/\libhal_bsp.a(altera_avalon_jtag_uart_ioctl.o)
 .bss           0x000000000401a438        0x0 ../New_Audio_Filter_bsp/\libhal_bsp.a(altera_avalon_jtag_uart_read.o)
 .bss           0x000000000401a438        0x0 ../New_Audio_Filter_bsp/\libhal_bsp.a(altera_avalon_jtag_uart_write.o)
 .bss           0x000000000401a438        0x0 ../New_Audio_Filter_bsp/\libhal_bsp.a(altera_avalon_timer_sc.o)
 .bss           0x000000000401a438        0x0 ../New_Audio_Filter_bsp/\libhal_bsp.a(altera_hostfs.o)
 .bss           0x000000000401a438        0x0 ../New_Audio_Filter_bsp/\libhal_bsp.a(alt_alarm_start.o)
 .bss           0x000000000401a438        0x0 ../New_Audio_Filter_bsp/\libhal_bsp.a(alt_dcache_flush_all.o)
 .bss           0x000000000401a438        0x0 ../New_Audio_Filter_bsp/\libhal_bsp.a(alt_dev_llist_insert.o)
 .bss           0x000000000401a438        0x0 ../New_Audio_Filter_bsp/\libhal_bsp.a(alt_do_ctors.o)
 .bss           0x000000000401a438        0x0 ../New_Audio_Filter_bsp/\libhal_bsp.a(alt_do_dtors.o)
 .bss           0x000000000401a438        0x0 ../New_Audio_Filter_bsp/\libhal_bsp.a(alt_exception_entry.o)
 .bss           0x000000000401a438        0x0 ../New_Audio_Filter_bsp/\libhal_bsp.a(alt_find_dev.o)
 .bss           0x000000000401a438        0x0 ../New_Audio_Filter_bsp/\libhal_bsp.a(alt_find_file.o)
 .bss           0x000000000401a438        0x0 ../New_Audio_Filter_bsp/\libhal_bsp.a(alt_fs_reg.o)
 .bss           0x000000000401a438        0x0 ../New_Audio_Filter_bsp/\libhal_bsp.a(alt_get_fd.o)
 .bss           0x000000000401a438        0x0 ../New_Audio_Filter_bsp/\libhal_bsp.a(alt_icache_flush_all.o)
 .bss           0x000000000401a438        0x0 ../New_Audio_Filter_bsp/\libhal_bsp.a(alt_instruction_exception_entry.o)
 .bss           0x000000000401a438        0x0 ../New_Audio_Filter_bsp/\libhal_bsp.a(alt_io_redirect.o)
 .bss           0x000000000401a438        0x0 ../New_Audio_Filter_bsp/\libhal_bsp.a(alt_tick.o)
 .bss           0x000000000401a438        0x0 ../New_Audio_Filter_bsp/\libhal_bsp.a(altera_nios2_gen2_irq.o)
 .bss           0x000000000401a438        0x0 c:/intelfpga/18.1/nios2eds/bin/gnu/h-x86_64-mingw32/bin/../lib/gcc/nios2-elf/5.3.0/../../../../../H-x86_64-mingw32/nios2-elf/lib/mno-hw-mul\libc.a(lib_a-atexit.o)
 .bss           0x000000000401a438        0x0 c:/intelfpga/18.1/nios2eds/bin/gnu/h-x86_64-mingw32/bin/../lib/gcc/nios2-elf/5.3.0/../../../../../H-x86_64-mingw32/nios2-elf/lib/mno-hw-mul\libc.a(lib_a-exit.o)
 .bss           0x000000000401a438        0x0 c:/intelfpga/18.1/nios2eds/bin/gnu/h-x86_64-mingw32/bin/../lib/gcc/nios2-elf/5.3.0/../../../../../H-x86_64-mingw32/nios2-elf/lib/mno-hw-mul\libc.a(lib_a-memcmp.o)
 .bss           0x000000000401a438        0x0 c:/intelfpga/18.1/nios2eds/bin/gnu/h-x86_64-mingw32/bin/../lib/gcc/nios2-elf/5.3.0/../../../../../H-x86_64-mingw32/nios2-elf/lib/mno-hw-mul\libc.a(lib_a-__atexit.o)
 .bss           0x000000000401a438        0x0 c:/intelfpga/18.1/nios2eds/bin/gnu/h-x86_64-mingw32/bin/../lib/gcc/nios2-elf/5.3.0/../../../../../H-x86_64-mingw32/nios2-elf/lib/mno-hw-mul\libc.a(lib_a-__call_atexit.o)
 .bss           0x000000000401a438        0x0 ../New_Audio_Filter_bsp/\libhal_bsp.a(alt_exit.o)
 *(COMMON)
 COMMON         0x000000000401a438      0x100 ../New_Audio_Filter_bsp/\libhal_bsp.a(alt_irq_handler.o)
                0x000000000401a438                alt_irq
                0x000000000401a538                . = ALIGN (0x4)
                0x000000000401a538                __bss_end = ABSOLUTE (.)

.new_sdram_controller_0
                0x0000000000000000        0x0 load address 0x000000000401a538
                [!provide]                        PROVIDE (_alt_partition_new_sdram_controller_0_start, ABSOLUTE (.))
 *(.new_sdram_controller_0 .new_sdram_controller_0. new_sdram_controller_0.*)
                0x0000000000000000                . = ALIGN (0x4)
                [!provide]                        PROVIDE (_alt_partition_new_sdram_controller_0_end, ABSOLUTE (.))
                [!provide]                        PROVIDE (_alt_partition_new_sdram_controller_0_load_addr, LOADADDR (.new_sdram_controller_0))

.onchip_memory2_1
                0x000000000401a538        0x0
                [!provide]                        PROVIDE (_alt_partition_onchip_memory2_1_start, ABSOLUTE (.))
 *(.onchip_memory2_1 .onchip_memory2_1. onchip_memory2_1.*)
                0x000000000401a538                . = ALIGN (0x4)
                [!provide]                        PROVIDE (_alt_partition_onchip_memory2_1_end, ABSOLUTE (.))
                0x000000000401a538                _end = ABSOLUTE (.)
                0x000000000401a538                end = ABSOLUTE (.)
                0x000000000401a538                __alt_stack_base = ABSOLUTE (.)
                [!provide]                        PROVIDE (_alt_partition_onchip_memory2_1_load_addr, LOADADDR (.onchip_memory2_1))

.stab
 *(.stab)

.stabstr
 *(.stabstr)

.stab.excl
 *(.stab.excl)

.stab.exclstr
 *(.stab.exclstr)

.stab.index
 *(.stab.index)

.stab.indexstr
 *(.stab.indexstr)

.comment        0x0000000000000000       0x23
 *(.comment)
 .comment       0x0000000000000000       0x23 obj/default/audio_demo.o
                                         0x24 (size before relaxing)
 .comment       0x0000000000000023       0x24 c:/intelfpga/18.1/nios2eds/bin/gnu/h-x86_64-mingw32/bin/../lib/gcc/nios2-elf/5.3.0/../../../../../H-x86_64-mingw32/nios2-elf/lib/mno-hw-mul\libc.a(lib_a-fopen.o)
 .comment       0x0000000000000023       0x24 c:/intelfpga/18.1/nios2eds/bin/gnu/h-x86_64-mingw32/bin/../lib/gcc/nios2-elf/5.3.0/../../../../../H-x86_64-mingw32/nios2-elf/lib/mno-hw-mul\libc.a(lib_a-fread.o)
 .comment       0x0000000000000023       0x24 c:/intelfpga/18.1/nios2eds/bin/gnu/h-x86_64-mingw32/bin/../lib/gcc/nios2-elf/5.3.0/../../../../../H-x86_64-mingw32/nios2-elf/lib/mno-hw-mul\libc.a(lib_a-freer.o)
 .comment       0x0000000000000023       0x24 c:/intelfpga/18.1/nios2eds/bin/gnu/h-x86_64-mingw32/bin/../lib/gcc/nios2-elf/5.3.0/../../../../../H-x86_64-mingw32/nios2-elf/lib/mno-hw-mul\libc.a(lib_a-fseek.o)
 .comment       0x0000000000000023       0x24 c:/intelfpga/18.1/nios2eds/bin/gnu/h-x86_64-mingw32/bin/../lib/gcc/nios2-elf/5.3.0/../../../../../H-x86_64-mingw32/nios2-elf/lib/mno-hw-mul\libc.a(lib_a-fseeko.o)
 .comment       0x0000000000000023       0x24 c:/intelfpga/18.1/nios2eds/bin/gnu/h-x86_64-mingw32/bin/../lib/gcc/nios2-elf/5.3.0/../../../../../H-x86_64-mingw32/nios2-elf/lib/mno-hw-mul\libc.a(lib_a-fstatr.o)
 .comment       0x0000000000000023       0x24 c:/intelfpga/18.1/nios2eds/bin/gnu/h-x86_64-mingw32/bin/../lib/gcc/nios2-elf/5.3.0/../../../../../H-x86_64-mingw32/nios2-elf/lib/mno-hw-mul\libc.a(lib_a-impure.o)
 .comment       0x0000000000000023       0x24 c:/intelfpga/18.1/nios2eds/bin/gnu/h-x86_64-mingw32/bin/../lib/gcc/nios2-elf/5.3.0/../../../../../H-x86_64-mingw32/nios2-elf/lib/mno-hw-mul\libc.a(lib_a-int_errno.o)
 .comment       0x0000000000000023       0x24 c:/intelfpga/18.1/nios2eds/bin/gnu/h-x86_64-mingw32/bin/../lib/gcc/nios2-elf/5.3.0/../../../../../H-x86_64-mingw32/nios2-elf/lib/mno-hw-mul\libc.a(lib_a-makebuf.o)
 .comment       0x0000000000000023       0x24 c:/intelfpga/18.1/nios2eds/bin/gnu/h-x86_64-mingw32/bin/../lib/gcc/nios2-elf/5.3.0/../../../../../H-x86_64-mingw32/nios2-elf/lib/mno-hw-mul\libc.a(lib_a-mallocr.o)
 .comment       0x0000000000000023       0x24 c:/intelfpga/18.1/nios2eds/bin/gnu/h-x86_64-mingw32/bin/../lib/gcc/nios2-elf/5.3.0/../../../../../H-x86_64-mingw32/nios2-elf/lib/mno-hw-mul\libc.a(lib_a-memcpy.o)
 .comment       0x0000000000000023       0x24 c:/intelfpga/18.1/nios2eds/bin/gnu/h-x86_64-mingw32/bin/../lib/gcc/nios2-elf/5.3.0/../../../../../H-x86_64-mingw32/nios2-elf/lib/mno-hw-mul\libc.a(lib_a-memset.o)
 .comment       0x0000000000000023       0x24 c:/intelfpga/18.1/nios2eds/bin/gnu/h-x86_64-mingw32/bin/../lib/gcc/nios2-elf/5.3.0/../../../../../H-x86_64-mingw32/nios2-elf/lib/mno-hw-mul\libc.a(lib_a-openr.o)
 .comment       0x0000000000000023       0x24 c:/intelfpga/18.1/nios2eds/bin/gnu/h-x86_64-mingw32/bin/../lib/gcc/nios2-elf/5.3.0/../../../../../H-x86_64-mingw32/nios2-elf/lib/mno-hw-mul\libc.a(lib_a-puts.o)
 .comment       0x0000000000000023       0x24 c:/intelfpga/18.1/nios2eds/bin/gnu/h-x86_64-mingw32/bin/../lib/gcc/nios2-elf/5.3.0/../../../../../H-x86_64-mingw32/nios2-elf/lib/mno-hw-mul\libc.a(lib_a-refill.o)
 .comment       0x0000000000000023       0x24 c:/intelfpga/18.1/nios2eds/bin/gnu/h-x86_64-mingw32/bin/../lib/gcc/nios2-elf/5.3.0/../../../../../H-x86_64-mingw32/nios2-elf/lib/mno-hw-mul\libc.a(lib_a-sbrkr.o)
 .comment       0x0000000000000023       0x24 c:/intelfpga/18.1/nios2eds/bin/gnu/h-x86_64-mingw32/bin/../lib/gcc/nios2-elf/5.3.0/../../../../../H-x86_64-mingw32/nios2-elf/lib/mno-hw-mul\libc.a(lib_a-stdio.o)
 .comment       0x0000000000000023       0x24 c:/intelfpga/18.1/nios2eds/bin/gnu/h-x86_64-mingw32/bin/../lib/gcc/nios2-elf/5.3.0/../../../../../H-x86_64-mingw32/nios2-elf/lib/mno-hw-mul\libc.a(lib_a-strlen.o)
 .comment       0x0000000000000023       0x24 c:/intelfpga/18.1/nios2eds/bin/gnu/h-x86_64-mingw32/bin/../lib/gcc/nios2-elf/5.3.0/../../../../../H-x86_64-mingw32/nios2-elf/lib/mno-hw-mul\libc.a(lib_a-writer.o)
 .comment       0x0000000000000023       0x24 c:/intelfpga/18.1/nios2eds/bin/gnu/h-x86_64-mingw32/bin/../lib/gcc/nios2-elf/5.3.0/../../../../../H-x86_64-mingw32/nios2-elf/lib/mno-hw-mul\libc.a(closer.o)
 .comment       0x0000000000000023       0x24 c:/intelfpga/18.1/nios2eds/bin/gnu/h-x86_64-mingw32/bin/../lib/gcc/nios2-elf/5.3.0/../../../../../H-x86_64-mingw32/nios2-elf/lib/mno-hw-mul\libc.a(lib_a-fflush.o)
 .comment       0x0000000000000023       0x24 c:/intelfpga/18.1/nios2eds/bin/gnu/h-x86_64-mingw32/bin/../lib/gcc/nios2-elf/5.3.0/../../../../../H-x86_64-mingw32/nios2-elf/lib/mno-hw-mul\libc.a(lib_a-findfp.o)
 .comment       0x0000000000000023       0x24 c:/intelfpga/18.1/nios2eds/bin/gnu/h-x86_64-mingw32/bin/../lib/gcc/nios2-elf/5.3.0/../../../../../H-x86_64-mingw32/nios2-elf/lib/mno-hw-mul\libc.a(lib_a-flags.o)
 .comment       0x0000000000000023       0x24 c:/intelfpga/18.1/nios2eds/bin/gnu/h-x86_64-mingw32/bin/../lib/gcc/nios2-elf/5.3.0/../../../../../H-x86_64-mingw32/nios2-elf/lib/mno-hw-mul\libc.a(lib_a-fvwrite.o)
 .comment       0x0000000000000023       0x24 c:/intelfpga/18.1/nios2eds/bin/gnu/h-x86_64-mingw32/bin/../lib/gcc/nios2-elf/5.3.0/../../../../../H-x86_64-mingw32/nios2-elf/lib/mno-hw-mul\libc.a(lib_a-fwalk.o)
 .comment       0x0000000000000023       0x24 c:/intelfpga/18.1/nios2eds/bin/gnu/h-x86_64-mingw32/bin/../lib/gcc/nios2-elf/5.3.0/../../../../../H-x86_64-mingw32/nios2-elf/lib/mno-hw-mul\libc.a(lib_a-isattyr.o)
 .comment       0x0000000000000023       0x24 c:/intelfpga/18.1/nios2eds/bin/gnu/h-x86_64-mingw32/bin/../lib/gcc/nios2-elf/5.3.0/../../../../../H-x86_64-mingw32/nios2-elf/lib/mno-hw-mul\libc.a(lib_a-lseekr.o)
 .comment       0x0000000000000023       0x24 c:/intelfpga/18.1/nios2eds/bin/gnu/h-x86_64-mingw32/bin/../lib/gcc/nios2-elf/5.3.0/../../../../../H-x86_64-mingw32/nios2-elf/lib/mno-hw-mul\libc.a(lib_a-memchr.o)
 .comment       0x0000000000000023       0x24 c:/intelfpga/18.1/nios2eds/bin/gnu/h-x86_64-mingw32/bin/../lib/gcc/nios2-elf/5.3.0/../../../../../H-x86_64-mingw32/nios2-elf/lib/mno-hw-mul\libc.a(lib_a-memmove.o)
 .comment       0x0000000000000023       0x24 c:/intelfpga/18.1/nios2eds/bin/gnu/h-x86_64-mingw32/bin/../lib/gcc/nios2-elf/5.3.0/../../../../../H-x86_64-mingw32/nios2-elf/lib/mno-hw-mul\libc.a(lib_a-readr.o)
 .comment       0x0000000000000023       0x24 c:/intelfpga/18.1/nios2eds/bin/gnu/h-x86_64-mingw32/bin/../lib/gcc/nios2-elf/5.3.0/../../../../../H-x86_64-mingw32/nios2-elf/lib/mno-hw-mul\libc.a(lib_a-reallocr.o)
 .comment       0x0000000000000023       0x24 c:/intelfpga/18.1/nios2eds/bin/gnu/h-x86_64-mingw32/bin/../lib/gcc/nios2-elf/5.3.0/../../../../../H-x86_64-mingw32/nios2-elf/lib/mno-hw-mul\libc.a(lib_a-wsetup.o)
 .comment       0x0000000000000023       0x24 c:/intelfpga/18.1/nios2eds/bin/gnu/h-x86_64-mingw32/bin/../lib/gcc/nios2-elf/5.3.0/../../../../../H-x86_64-mingw32/nios2-elf/lib/mno-hw-mul\libc.a(lib_a-fclose.o)
 .comment       0x0000000000000023       0x24 c:/intelfpga/18.1/nios2eds/bin/gnu/h-x86_64-mingw32/bin/../lib/gcc/nios2-elf/5.3.0/mno-hw-mul\libgcc.a(lib2-divmod.o)
 .comment       0x0000000000000023       0x24 c:/intelfpga/18.1/nios2eds/bin/gnu/h-x86_64-mingw32/bin/../lib/gcc/nios2-elf/5.3.0/mno-hw-mul\libgcc.a(lib2-mul.o)
 .comment       0x0000000000000023       0x24 ../New_Audio_Filter_bsp/\libhal_bsp.a(alt_close.o)
 .comment       0x0000000000000023       0x24 ../New_Audio_Filter_bsp/\libhal_bsp.a(alt_dev.o)
 .comment       0x0000000000000023       0x24 ../New_Audio_Filter_bsp/\libhal_bsp.a(alt_errno.o)
 .comment       0x0000000000000023       0x24 ../New_Audio_Filter_bsp/\libhal_bsp.a(alt_fstat.o)
 .comment       0x0000000000000023       0x24 ../New_Audio_Filter_bsp/\libhal_bsp.a(alt_iic.o)
 .comment       0x0000000000000023       0x24 ../New_Audio_Filter_bsp/\libhal_bsp.a(alt_iic_isr_register.o)
 .comment       0x0000000000000023       0x24 ../New_Audio_Filter_bsp/\libhal_bsp.a(alt_irq_handler.o)
 .comment       0x0000000000000023       0x24 ../New_Audio_Filter_bsp/\libhal_bsp.a(alt_irq_vars.o)
 .comment       0x0000000000000023       0x24 ../New_Audio_Filter_bsp/\libhal_bsp.a(alt_isatty.o)
 .comment       0x0000000000000023       0x24 ../New_Audio_Filter_bsp/\libhal_bsp.a(alt_load.o)
 .comment       0x0000000000000023       0x24 ../New_Audio_Filter_bsp/\libhal_bsp.a(alt_lseek.o)
 .comment       0x0000000000000023       0x24 ../New_Audio_Filter_bsp/\libhal_bsp.a(alt_main.o)
 .comment       0x0000000000000023       0x24 ../New_Audio_Filter_bsp/\libhal_bsp.a(alt_malloc_lock.o)
 .comment       0x0000000000000023       0x24 ../New_Audio_Filter_bsp/\libhal_bsp.a(alt_open.o)
 .comment       0x0000000000000023       0x24 ../New_Audio_Filter_bsp/\libhal_bsp.a(alt_read.o)
 .comment       0x0000000000000023       0x24 ../New_Audio_Filter_bsp/\libhal_bsp.a(alt_release_fd.o)
 .comment       0x0000000000000023       0x24 ../New_Audio_Filter_bsp/\libhal_bsp.a(alt_sbrk.o)
 .comment       0x0000000000000023       0x24 ../New_Audio_Filter_bsp/\libhal_bsp.a(alt_write.o)
 .comment       0x0000000000000023       0x24 ../New_Audio_Filter_bsp/\libhal_bsp.a(alt_sys_init.o)
 .comment       0x0000000000000023       0x24 ../New_Audio_Filter_bsp/\libhal_bsp.a(altera_avalon_jtag_uart_fd.o)
 .comment       0x0000000000000023       0x24 ../New_Audio_Filter_bsp/\libhal_bsp.a(altera_avalon_jtag_uart_init.o)
 .comment       0x0000000000000023       0x24 ../New_Audio_Filter_bsp/\libhal_bsp.a(altera_avalon_jtag_uart_ioctl.o)
 .comment       0x0000000000000023       0x24 ../New_Audio_Filter_bsp/\libhal_bsp.a(altera_avalon_jtag_uart_read.o)
 .comment       0x0000000000000023       0x24 ../New_Audio_Filter_bsp/\libhal_bsp.a(altera_avalon_jtag_uart_write.o)
 .comment       0x0000000000000023       0x24 ../New_Audio_Filter_bsp/\libhal_bsp.a(altera_avalon_timer_sc.o)
 .comment       0x0000000000000023       0x24 ../New_Audio_Filter_bsp/\libhal_bsp.a(altera_hostfs.o)
 .comment       0x0000000000000023       0x24 ../New_Audio_Filter_bsp/\libhal_bsp.a(alt_alarm_start.o)
 .comment       0x0000000000000023       0x24 ../New_Audio_Filter_bsp/\libhal_bsp.a(alt_dcache_flush_all.o)
 .comment       0x0000000000000023       0x24 ../New_Audio_Filter_bsp/\libhal_bsp.a(alt_dev_llist_insert.o)
 .comment       0x0000000000000023       0x24 ../New_Audio_Filter_bsp/\libhal_bsp.a(alt_do_ctors.o)
 .comment       0x0000000000000023       0x24 ../New_Audio_Filter_bsp/\libhal_bsp.a(alt_do_dtors.o)
 .comment       0x0000000000000023       0x24 ../New_Audio_Filter_bsp/\libhal_bsp.a(alt_find_dev.o)
 .comment       0x0000000000000023       0x24 ../New_Audio_Filter_bsp/\libhal_bsp.a(alt_find_file.o)
 .comment       0x0000000000000023       0x24 ../New_Audio_Filter_bsp/\libhal_bsp.a(alt_fs_reg.o)
 .comment       0x0000000000000023       0x24 ../New_Audio_Filter_bsp/\libhal_bsp.a(alt_get_fd.o)
 .comment       0x0000000000000023       0x24 ../New_Audio_Filter_bsp/\libhal_bsp.a(alt_icache_flush_all.o)
 .comment       0x0000000000000023       0x24 ../New_Audio_Filter_bsp/\libhal_bsp.a(alt_instruction_exception_entry.o)
 .comment       0x0000000000000023       0x24 ../New_Audio_Filter_bsp/\libhal_bsp.a(alt_io_redirect.o)
 .comment       0x0000000000000023       0x24 ../New_Audio_Filter_bsp/\libhal_bsp.a(alt_tick.o)
 .comment       0x0000000000000023       0x24 ../New_Audio_Filter_bsp/\libhal_bsp.a(altera_nios2_gen2_irq.o)
 .comment       0x0000000000000023       0x24 c:/intelfpga/18.1/nios2eds/bin/gnu/h-x86_64-mingw32/bin/../lib/gcc/nios2-elf/5.3.0/../../../../../H-x86_64-mingw32/nios2-elf/lib/mno-hw-mul\libc.a(lib_a-atexit.o)
 .comment       0x0000000000000023       0x24 c:/intelfpga/18.1/nios2eds/bin/gnu/h-x86_64-mingw32/bin/../lib/gcc/nios2-elf/5.3.0/../../../../../H-x86_64-mingw32/nios2-elf/lib/mno-hw-mul\libc.a(lib_a-exit.o)
 .comment       0x0000000000000023       0x24 c:/intelfpga/18.1/nios2eds/bin/gnu/h-x86_64-mingw32/bin/../lib/gcc/nios2-elf/5.3.0/../../../../../H-x86_64-mingw32/nios2-elf/lib/mno-hw-mul\libc.a(lib_a-memcmp.o)
 .comment       0x0000000000000023       0x24 c:/intelfpga/18.1/nios2eds/bin/gnu/h-x86_64-mingw32/bin/../lib/gcc/nios2-elf/5.3.0/../../../../../H-x86_64-mingw32/nios2-elf/lib/mno-hw-mul\libc.a(lib_a-__atexit.o)
 .comment       0x0000000000000023       0x24 c:/intelfpga/18.1/nios2eds/bin/gnu/h-x86_64-mingw32/bin/../lib/gcc/nios2-elf/5.3.0/../../../../../H-x86_64-mingw32/nios2-elf/lib/mno-hw-mul\libc.a(lib_a-__call_atexit.o)
 .comment       0x0000000000000023       0x24 ../New_Audio_Filter_bsp/\libhal_bsp.a(alt_exit.o)

.debug
 *(.debug)

.line
 *(.line)

.debug_srcinfo
 *(.debug_srcinfo)

.debug_sfnames
 *(.debug_sfnames)

.debug_aranges  0x0000000000000000      0xb78
 *(.debug_aranges)
 .debug_aranges
                0x0000000000000000       0x28 ../New_Audio_Filter_bsp//obj/HAL/src/crt0.o
 .debug_aranges
                0x0000000000000028       0x20 obj/default/audio_demo.o
 .debug_aranges
                0x0000000000000048       0x28 c:/intelfpga/18.1/nios2eds/bin/gnu/h-x86_64-mingw32/bin/../lib/gcc/nios2-elf/5.3.0/../../../../../H-x86_64-mingw32/nios2-elf/lib/mno-hw-mul\libc.a(lib_a-fopen.o)
 .debug_aranges
                0x0000000000000070       0x28 c:/intelfpga/18.1/nios2eds/bin/gnu/h-x86_64-mingw32/bin/../lib/gcc/nios2-elf/5.3.0/../../../../../H-x86_64-mingw32/nios2-elf/lib/mno-hw-mul\libc.a(lib_a-fread.o)
 .debug_aranges
                0x0000000000000098       0x28 c:/intelfpga/18.1/nios2eds/bin/gnu/h-x86_64-mingw32/bin/../lib/gcc/nios2-elf/5.3.0/../../../../../H-x86_64-mingw32/nios2-elf/lib/mno-hw-mul\libc.a(lib_a-freer.o)
 .debug_aranges
                0x00000000000000c0       0x28 c:/intelfpga/18.1/nios2eds/bin/gnu/h-x86_64-mingw32/bin/../lib/gcc/nios2-elf/5.3.0/../../../../../H-x86_64-mingw32/nios2-elf/lib/mno-hw-mul\libc.a(lib_a-fseek.o)
 .debug_aranges
                0x00000000000000e8       0x28 c:/intelfpga/18.1/nios2eds/bin/gnu/h-x86_64-mingw32/bin/../lib/gcc/nios2-elf/5.3.0/../../../../../H-x86_64-mingw32/nios2-elf/lib/mno-hw-mul\libc.a(lib_a-fseeko.o)
 .debug_aranges
                0x0000000000000110       0x20 c:/intelfpga/18.1/nios2eds/bin/gnu/h-x86_64-mingw32/bin/../lib/gcc/nios2-elf/5.3.0/../../../../../H-x86_64-mingw32/nios2-elf/lib/mno-hw-mul\libc.a(lib_a-fstatr.o)
 .debug_aranges
                0x0000000000000130       0x18 c:/intelfpga/18.1/nios2eds/bin/gnu/h-x86_64-mingw32/bin/../lib/gcc/nios2-elf/5.3.0/../../../../../H-x86_64-mingw32/nios2-elf/lib/mno-hw-mul\libc.a(lib_a-impure.o)
 .debug_aranges
                0x0000000000000148       0x18 c:/intelfpga/18.1/nios2eds/bin/gnu/h-x86_64-mingw32/bin/../lib/gcc/nios2-elf/5.3.0/../../../../../H-x86_64-mingw32/nios2-elf/lib/mno-hw-mul\libc.a(lib_a-int_errno.o)
 .debug_aranges
                0x0000000000000160       0x20 c:/intelfpga/18.1/nios2eds/bin/gnu/h-x86_64-mingw32/bin/../lib/gcc/nios2-elf/5.3.0/../../../../../H-x86_64-mingw32/nios2-elf/lib/mno-hw-mul\libc.a(lib_a-makebuf.o)
 .debug_aranges
                0x0000000000000180       0x20 c:/intelfpga/18.1/nios2eds/bin/gnu/h-x86_64-mingw32/bin/../lib/gcc/nios2-elf/5.3.0/../../../../../H-x86_64-mingw32/nios2-elf/lib/mno-hw-mul\libc.a(lib_a-mallocr.o)
 .debug_aranges
                0x00000000000001a0       0x20 c:/intelfpga/18.1/nios2eds/bin/gnu/h-x86_64-mingw32/bin/../lib/gcc/nios2-elf/5.3.0/../../../../../H-x86_64-mingw32/nios2-elf/lib/mno-hw-mul\libc.a(lib_a-memcpy.o)
 .debug_aranges
                0x00000000000001c0       0x20 c:/intelfpga/18.1/nios2eds/bin/gnu/h-x86_64-mingw32/bin/../lib/gcc/nios2-elf/5.3.0/../../../../../H-x86_64-mingw32/nios2-elf/lib/mno-hw-mul\libc.a(lib_a-memset.o)
 .debug_aranges